Component: ARM Compiler 5.06 update 5 (build 528) Tool: armlink [4d35e2]

==============================================================================

Section Cross References

    startup_stm32f10x_md.o(RESET) refers to startup_stm32f10x_md.o(STACK) for __initial_sp
    startup_stm32f10x_md.o(RESET) refers to startup_stm32f10x_md.o(.text) for Reset_Handler
    startup_stm32f10x_md.o(RESET) refers to stm32f10x_it.o(i.NMI_Handler) for NMI_Handler
    startup_stm32f10x_md.o(RESET) refers to stm32f10x_it.o(i.HardFault_Handler) for HardFault_Handler
    startup_stm32f10x_md.o(RESET) refers to stm32f10x_it.o(i.MemManage_Handler) for MemManage_Handler
    startup_stm32f10x_md.o(RESET) refers to stm32f10x_it.o(i.BusFault_Handler) for BusFault_Handler
    startup_stm32f10x_md.o(RESET) refers to stm32f10x_it.o(i.UsageFault_Handler) for UsageFault_Handler
    startup_stm32f10x_md.o(RESET) refers to stm32f10x_it.o(i.SVC_Handler) for SVC_Handler
    startup_stm32f10x_md.o(RESET) refers to stm32f10x_it.o(i.DebugMon_Handler) for DebugMon_Handler
    startup_stm32f10x_md.o(RESET) refers to stm32f10x_it.o(i.PendSV_Handler) for PendSV_Handler
    startup_stm32f10x_md.o(RESET) refers to stm32f10x_it.o(i.SysTick_Handler) for SysTick_Handler
    startup_stm32f10x_md.o(RESET) refers to usart.o(i.USART1_IRQHandler) for USART1_IRQHandler
    startup_stm32f10x_md.o(RESET) refers to esp8266.o(i.USART2_IRQHandler) for USART2_IRQHandler
    startup_stm32f10x_md.o(.text) refers to system_stm32f10x_1.o(i.SystemInit) for SystemInit
    startup_stm32f10x_md.o(.text) refers to entry.o(.ARM.Collect$$$$00000000) for __main
    system_stm32f10x_1.o(i.SetSysClock) refers to system_stm32f10x_1.o(i.SetSysClockTo72) for SetSysClockTo72
    system_stm32f10x_1.o(i.SystemCoreClockUpdate) refers to system_stm32f10x_1.o(.data) for SystemCoreClock
    system_stm32f10x_1.o(i.SystemInit) refers to system_stm32f10x_1.o(i.SetSysClock) for SetSysClock
    stm32f10x_adc.o(i.ADC_DeInit) refers to stm32f10x_rcc.o(i.RCC_APB2PeriphResetCmd) for RCC_APB2PeriphResetCmd
    stm32f10x_bkp.o(i.BKP_DeInit) refers to stm32f10x_rcc.o(i.RCC_BackupResetCmd) for RCC_BackupResetCmd
    stm32f10x_can.o(i.CAN_DeInit) refers to stm32f10x_rcc.o(i.RCC_APB1PeriphResetCmd) for RCC_APB1PeriphResetCmd
    stm32f10x_can.o(i.CAN_GetITStatus) refers to stm32f10x_can.o(i.CheckITStatus) for CheckITStatus
    stm32f10x_cec.o(i.CEC_DeInit) refers to stm32f10x_rcc.o(i.RCC_APB1PeriphResetCmd) for RCC_APB1PeriphResetCmd
    stm32f10x_dac.o(i.DAC_DeInit) refers to stm32f10x_rcc.o(i.RCC_APB1PeriphResetCmd) for RCC_APB1PeriphResetCmd
    stm32f10x_flash.o(i.FLASH_EnableWriteProtection) refers to stm32f10x_flash.o(i.FLASH_WaitForLastOperation) for FLASH_WaitForLastOperation
    stm32f10x_flash.o(i.FLASH_EraseAllBank1Pages) refers to stm32f10x_flash.o(i.FLASH_WaitForLastBank1Operation) for FLASH_WaitForLastBank1Operation
    stm32f10x_flash.o(i.FLASH_EraseAllPages) refers to stm32f10x_flash.o(i.FLASH_WaitForLastOperation) for FLASH_WaitForLastOperation
    stm32f10x_flash.o(i.FLASH_EraseOptionBytes) refers to stm32f10x_flash.o(i.FLASH_GetReadOutProtectionStatus) for FLASH_GetReadOutProtectionStatus
    stm32f10x_flash.o(i.FLASH_EraseOptionBytes) refers to stm32f10x_flash.o(i.FLASH_WaitForLastOperation) for FLASH_WaitForLastOperation
    stm32f10x_flash.o(i.FLASH_ErasePage) refers to stm32f10x_flash.o(i.FLASH_WaitForLastOperation) for FLASH_WaitForLastOperation
    stm32f10x_flash.o(i.FLASH_ProgramHalfWord) refers to stm32f10x_flash.o(i.FLASH_WaitForLastOperation) for FLASH_WaitForLastOperation
    stm32f10x_flash.o(i.FLASH_ProgramOptionByteData) refers to stm32f10x_flash.o(i.FLASH_WaitForLastOperation) for FLASH_WaitForLastOperation
    stm32f10x_flash.o(i.FLASH_ProgramWord) refers to stm32f10x_flash.o(i.FLASH_WaitForLastOperation) for FLASH_WaitForLastOperation
    stm32f10x_flash.o(i.FLASH_ReadOutProtection) refers to stm32f10x_flash.o(i.FLASH_WaitForLastOperation) for FLASH_WaitForLastOperation
    stm32f10x_flash.o(i.FLASH_UserOptionByteConfig) refers to stm32f10x_flash.o(i.FLASH_WaitForLastOperation) for FLASH_WaitForLastOperation
    stm32f10x_flash.o(i.FLASH_WaitForLastBank1Operation) refers to stm32f10x_flash.o(i.FLASH_GetBank1Status) for FLASH_GetBank1Status
    stm32f10x_flash.o(i.FLASH_WaitForLastOperation) refers to stm32f10x_flash.o(i.FLASH_GetBank1Status) for FLASH_GetBank1Status
    stm32f10x_gpio.o(i.GPIO_AFIODeInit) refers to stm32f10x_rcc.o(i.RCC_APB2PeriphResetCmd) for RCC_APB2PeriphResetCmd
    stm32f10x_gpio.o(i.GPIO_DeInit) refers to stm32f10x_rcc.o(i.RCC_APB2PeriphResetCmd) for RCC_APB2PeriphResetCmd
    stm32f10x_i2c.o(i.I2C_DeInit) refers to stm32f10x_rcc.o(i.RCC_APB1PeriphResetCmd) for RCC_APB1PeriphResetCmd
    stm32f10x_i2c.o(i.I2C_Init) refers to stm32f10x_rcc.o(i.RCC_GetClocksFreq) for RCC_GetClocksFreq
    stm32f10x_pwr.o(i.PWR_DeInit) refers to stm32f10x_rcc.o(i.RCC_APB1PeriphResetCmd) for RCC_APB1PeriphResetCmd
[...]
    .text                                    0x0800093a   Section        0  frnd.o(.text)
    .text                                    0x08000976   Section        0  depilogue.o(.text)
    .text                                    0x08000a30   Section        0  dfixul.o(.text)
    .text                                    0x08000a60   Section       36  init.o(.text)
    .text                                    0x08000a84   Section        0  fscalb.o(.text)
    .text                                    0x08000a9c   Section        0  dscalb.o(.text)
    i.BEEP_OFF                               0x08000acc   Section        0  buzzer.o(i.BEEP_OFF)
    i.BEEP_ON                                0x08000adc   Section        0  buzzer.o(i.BEEP_ON)
    i.BloodPr_Show                           0x08000aec   Section        0  xgz6847a.o(i.BloodPr_Show)
    i.BusFault_Handler                       0x08000b0a   Section        0  stm32f10x_it.o(i.BusFault_Handler)
    i.Buzzer_Config                          0x08000b10   Section        0  buzzer.o(i.Buzzer_Config)
    i.DebugMon_Handler                       0x08000b40   Section        0  stm32f10x_it.o(i.DebugMon_Handler)
    i.ESP8266_Init                           0x08000b44   Section        0  esp8266.o(i.ESP8266_Init)
    i.ESP8266_SendData                       0x08000d54   Section        0  esp8266.o(i.ESP8266_SendData)
    i.GPIO_Init                              0x08000ec4   Section        0  stm32f10x_gpio.o(i.GPIO_Init)
    i.GPIO_ReadInputDataBit                  0x08000fda   Section        0  stm32f10x_gpio.o(i.GPIO_ReadInputDataBit)
    i.GPIO_ResetBits                         0x08000fec   Section        0  stm32f10x_gpio.o(i.GPIO_ResetBits)
    i.GPIO_SetBits                           0x08000ff0   Section        0  stm32f10x_gpio.o(i.GPIO_SetBits)
    i.GPIO_WriteBit                          0x08000ff4   Section        0  stm32f10x_gpio.o(i.GPIO_WriteBit)
    i.HardFault_Handler                      0x08000ffe   Section        0  stm32f10x_it.o(i.HardFault_Handler)
    i.Hardware_Init                          0x08001004   Section        0  main.o(i.Hardware_Init)
    i.I2C_AcknowledgeConfig                  0x0800107c   Section        0  stm32f10x_i2c.o(i.I2C_AcknowledgeConfig)
    i.I2C_CheckEvent                         0x08001094   Section        0  stm32f10x_i2c.o(i.I2C_CheckEvent)
    i.I2C_Cmd                                0x080010be   Section        0  stm32f10x_i2c.o(i.I2C_Cmd)
    i.I2C_GenerateSTART                      0x080010d6   Section        0  stm32f10x_i2c.o(i.I2C_GenerateSTART)
    i.I2C_GenerateSTOP                       0x080010ee   Section        0  stm32f10x_i2c.o(i.I2C_GenerateSTOP)
    i.I2C_GetFlagStatus                      0x08001106   Section        0  stm32f10x_i2c.o(i.I2C_GetFlagStatus)
    i.I2C_Init                               0x08001140   Section        0  stm32f10x_i2c.o(i.I2C_Init)
    i.I2C_ReceiveData                        0x0800122c   Section        0  stm32f10x_i2c.o(i.I2C_ReceiveData)
    i.I2C_Send7bitAddress                    0x08001234   Section        0  stm32f10x_i2c.o(i.I2C_Send7bitAddress)
    i.I2C_SendData                           0x08001246   Section        0  stm32f10x_i2c.o(i.I2C_SendData)
    i.IIC_Ack                                0x0800124c   Section        0  maxiic.o(i.IIC_Ack)
    i.IIC_Init                               0x0800129c   Section        0  maxiic.o(i.IIC_Init)
    i.IIC_NAck                               0x080012dc   Section        0  maxiic.o(i.IIC_NAck)
    i.IIC_Read_Byte                          0x0800132c   Section        0  maxiic.o(i.IIC_Read_Byte)
    i.IIC_Send_Byte                          0x0800139c   Section        0  maxiic.o(i.IIC_Send_Byte)
    i.IIC_Start                              0x08001404   Section        0  maxiic.o(i.IIC_Start)
    i.IIC_Stop                               0x08001450   Section        0  maxiic.o(i.IIC_Stop)
    i.IIC_Wait_Ack                           0x0800149c   Section        0  maxiic.o(i.IIC_Wait_Ack)
    i.Key_GetNum                             0x08001500   Section        0  key.o(i.Key_GetNum)
    i.Key_Init                               0x080015b0   Section        0  key.o(i.Key_Init)
    i.LED_Config                             0x080015dc   Section        0  led.o(i.LED_Config)
    i.MAX30102_data_set                      0x08001610   Section        0  max30102.o(i.MAX30102_data_set)
    i.MAX30102_get                           0x08001738   Section        0  max30102.o(i.MAX30102_get)
    i.MPU6050_CalculateAngles                0x08001a2c   Section        0  mpu6050.o(i.MPU6050_CalculateAngles)
    i.MPU6050_Init                           0x08001c60   Section        0  mpu6050.o(i.MPU6050_Init)
    i.MPU6050_Read_Accel                     0x08001c70   Section        0  mpu6050.o(i.MPU6050_Read_Accel)
    i.MPU6050_Read_Gyro                      0x08001cb6   Section        0  mpu6050.o(i.MPU6050_Read_Gyro)
    i.MPU6050_Write_Byte                     0x08001cfc   Section        0  mpu6050.o(i.MPU6050_Write_Byte)
    i.MPU_I2C_Init                           0x08001d10   Section        0  mpu_iic.o(i.MPU_I2C_Init)
    i.MPU_I2C_ReadBytes                      0x08001d84   Section        0  mpu_iic.o(i.MPU_I2C_ReadBytes)
    i.MPU_I2C_ReceiveData                    0x08001de4   Section        0  mpu_iic.o(i.MPU_I2C_ReceiveData)
    MPU_I2C_ReceiveData                      0x08001de5   Thumb Code    24  mpu_iic.o(i.MPU_I2C_ReceiveData)
    i.MPU_I2C_SendAddress                    0x08001e04   Section        0  mpu_iic.o(i.MPU_I2C_SendAddress)
    MPU_I2C_SendAddress                      0x08001e05   Thumb Code    50  mpu_iic.o(i.MPU_I2C_SendAddress)
    i.MPU_I2C_SendData                       0x08001e44   Section        0  mpu_iic.o(i.MPU_I2C_SendData)
    MPU_I2C_SendData                         0x08001e45   Thumb Code    28  mpu_iic.o(i.MPU_I2C_SendData)
    i.MPU_I2C_Start                          0x08001e68   Section        0  mpu_iic.o(i.MPU_I2C_Start)
    MPU_I2C_Start                            0x08001e69   Thumb Code    26  mpu_iic.o(i.MPU_I2C_Start)
    i.MPU_I2C_Stop                           0x08001e8c   Section        0  mpu_iic.o(i.MPU_I2C_Stop)
    MPU_I2C_Stop                             0x08001e8d   Thumb Code    12  mpu_iic.o(i.MPU_I2C_Stop)
    i.MPU_I2C_WaitForIdle                    0x08001e9c   Section        0  mpu_iic.o(i.MPU_I2C_WaitForIdle)
    MPU_I2C_WaitForIdle                      0x08001e9d   Thumb Code    20  mpu_iic.o(i.MPU_I2C_WaitForIdle)
    i.MPU_I2C_WriteBytes                     0x08001eb4   Section        0  mpu_iic.o(i.MPU_I2C_WriteBytes)
    i.MemManage_Handler                      0x08001eea   Section        0  stm32f10x_it.o(i.MemManage_Handler)
    i.MyRTC_ReadTime                         0x08001ef0   Section        0  myrtc.o(i.MyRTC_ReadTime)
    i.NMI_Handler                            0x08001f38   Section        0  stm32f10x_it.o(i.NMI_Handler)
    i.NVIC_Init                              0x08001f3c   Section        0  misc.o(i.NVIC_Init)
    i.NVIC_PriorityGroupConfig               0x08001fac   Section        0  misc.o(i.NVIC_PriorityGroupConfig)
    i.OLED_AnimUpdate                        0x08001fc0   Section        0  oled.o(i.OLED_AnimUpdate)
    i.OLED_Animation                         0x08001fcc   Section        0  oled.o(i.OLED_Animation)
    i.OLED_Clear                             0x0800216c   Section        0  oled.o(i.OLED_Clear)
    i.OLED_ClearArea                         0x08002194   Section        0  oled.o(i.OLED_ClearArea)
    i.OLED_GPIO_Init                         0x08002224   Section        0  oled.o(i.OLED_GPIO_Init)
    i.OLED_I2C_SendByte                      0x08002284   Section        0  oled.o(i.OLED_I2C_SendByte)
    i.OLED_I2C_Start                         0x080022c2   Section        0  oled.o(i.OLED_I2C_Start)
    i.OLED_I2C_Stop                          0x080022de   Section        0  oled.o(i.OLED_I2C_Stop)
    i.OLED_Init                              0x080022f4   Section        0  oled.o(i.OLED_Init)
    i.OLED_Printf                            0x0800238e   Section        0  oled.o(i.OLED_Printf)
    i.OLED_ReverseArea                       0x080023c0   Section        0  oled.o(i.OLED_ReverseArea)
    i.OLED_SetCursor                         0x08002450   Section        0  oled.o(i.OLED_SetCursor)
    i.OLED_ShowChar                          0x08002474   Section        0  oled.o(i.OLED_ShowChar)
    i.OLED_ShowImage                         0x080024c8   Section        0  oled.o(i.OLED_ShowImage)
    i.OLED_ShowString                        0x080025c4   Section        0  oled.o(i.OLED_ShowString)
    i.OLED_Update                            0x08002788   Section        0  oled.o(i.OLED_Update)
    i.OLED_W_SCL                             0x080027b0   Section        0  oled.o(i.OLED_W_SCL)
    i.OLED_W_SDA                             0x080027c8   Section        0  oled.o(i.OLED_W_SDA)
    i.OLED_WriteCommand                      0x080027e0   Section        0  oled.o(i.OLED_WriteCommand)
    i.OLED_WriteData                         0x08002800   Section        0  oled.o(i.OLED_WriteData)
    i.PEC_Calculation                        0x0800282e   Section        0  mlx90614.o(i.PEC_Calculation)
    i.PendSV_Handler                         0x080028e8   Section        0  stm32f10x_it.o(i.PendSV_Handler)
    i.RCC_APB1PeriphClockCmd                 0x080028ec   Section        0  stm32f10x_rcc.o(i.RCC_APB1PeriphClockCmd)
    i.RCC_APB2PeriphClockCmd                 0x0800290c   Section        0  stm32f10x_rcc.o(i.RCC_APB2PeriphClockCmd)
    i.RCC_GetClocksFreq                      0x0800292c   Section        0  stm32f10x_rcc.o(i.RCC_GetClocksFreq)
    i.RTC_GetCounter                         0x08002a00   Section        0  stm32f10x_rtc.o(i.RTC_GetCounter)
    i.SMBus_Delay                            0x08002a14   Section        0  mlx90614.o(i.SMBus_Delay)
    i.SMBus_Init                             0x08002a30   Section        0  mlx90614.o(i.SMBus_Init)
    i.SMBus_ReadMemory                       0x08002a70   Section        0  mlx90614.o(i.SMBus_ReadMemory)
    i.SMBus_ReadTemp                         0x08002b18   Section        0  mlx90614.o(i.SMBus_ReadTemp)
    i.SMBus_ReceiveBit                       0x08002b5c   Section        0  mlx90614.o(i.SMBus_ReceiveBit)
    i.SMBus_ReceiveByte                      0x08002bac   Section        0  mlx90614.o(i.SMBus_ReceiveByte)
    i.SMBus_SendBit                          0x08002be0   Section        0  mlx90614.o(i.SMBus_SendBit)
    i.SMBus_SendByte                         0x08002c2c   Section        0  mlx90614.o(i.SMBus_SendByte)
    i.SMBus_StartBit                         0x08002c60   Section        0  mlx90614.o(i.SMBus_StartBit)
    i.SMBus_StopBit                          0x08002cac   Section        0  mlx90614.o(i.SMBus_StopBit)
    i.SVC_Handler                            0x08002cf4   Section        0  stm32f10x_it.o(i.SVC_Handler)
    i.SetSysClock                            0x08002cf6   Section        0  system_stm32f10x_1.o(i.SetSysClock)
    SetSysClock                              0x08002cf7   Thumb Code     8  system_stm32f10x_1.o(i.SetSysClock)
    i.SetSysClockTo72                        0x08002d00   Section        0  system_stm32f10x_1.o(i.SetSysClockTo72)
    SetSysClockTo72                          0x08002d01   Thumb Code   214  system_stm32f10x_1.o(i.SetSysClockTo72)
    i.SysTick_CLKSourceConfig                0x08002de0   Section        0  misc.o(i.SysTick_CLKSourceConfig)
    i.SysTick_Handler                        0x08002e08   Section        0  stm32f10x_it.o(i.SysTick_Handler)
    i.SystemInit                             0x08002e0c   Section        0  system_stm32f10x_1.o(i.SystemInit)
    i.Temp_Show                              0x08002e6c   Section        0  mlx90614.o(i.Temp_Show)
    i.USART1_IRQHandler                      0x08002e78   Section        0  usart.o(i.USART1_IRQHandler)
    i.USART2_IRQHandler                      0x08002e94   Section        0  esp8266.o(i.USART2_IRQHandler)
    i.USART_ClearFlag                        0x08002ee0   Section        0  stm32f10x_usart.o(i.USART_ClearFlag)
    i.USART_Cmd                              0x08002ef2   Section        0  stm32f10x_usart.o(i.USART_Cmd)
    i.USART_GetFlagStatus                    0x08002f0a   Section        0  stm32f10x_usart.o(i.USART_GetFlagStatus)
    i.USART_GetITStatus                      0x08002f24   Section        0  stm32f10x_usart.o(i.USART_GetITStatus)
    i.USART_ITConfig                         0x08002f78   Section        0  stm32f10x_usart.o(i.USART_ITConfig)
    i.USART_Init                             0x08002fc4   Section        0  stm32f10x_usart.o(i.USART_Init)
    i.USART_SendData                         0x0800309c   Section        0  stm32f10x_usart.o(i.USART_SendData)
    i.UsageFault_Handler                     0x080030a4   Section        0  stm32f10x_it.o(i.UsageFault_Handler)
    i.Usart1_Init                            0x080030a8   Section        0  usart.o(i.Usart1_Init)
    i.Usart2_Init                            0x08003158   Section        0  usart.o(i.Usart2_Init)
    i.UsartPrintf                            0x08003204   Section        0  usart.o(i.UsartPrintf)
    i.Usart_SendString                       0x0800324c   Section        0  usart.o(i.Usart_SendString)
    i.XGZ6847A_ReadPressure                  0x08003280   Section        0  xgz6847a.o(i.XGZ6847A_ReadPressure)
    i.XGZ6847A_SimulateBP                    0x080032f8   Section        0  xgz6847a_bp.o(i.XGZ6847A_SimulateBP)
    i.__0sprintf                             0x080033b0   Section        0  printfa.o(i.__0sprintf)
    i.__0vsnprintf                           0x080033d8   Section        0  printfa.o(i.__0vsnprintf)
    i.__0vsprintf                            0x08003404   Section        0  printfa.o(i.__0vsprintf)
    i.__ARM_fpclassify                       0x08003428   Section        0  fpclassify.o(i.__ARM_fpclassify)
    i.__ARM_fpclassifyf                      0x08003450   Section        0  fpclassifyf.o(i.__ARM_fpclassifyf)
    i.__kernel_poly                          0x08003476   Section        0  poly.o(i.__kernel_poly)
    i.__mathlib_dbl_infnan                   0x08003520   Section        0  dunder.o(i.__mathlib_dbl_infnan)
    i.__mathlib_dbl_infnan2                  0x08003526   Section        0  dunder.o(i.__mathlib_dbl_infnan2)
    i.__mathlib_dbl_underflow                0x0800352c   Section        0  dunder.o(i.__mathlib_dbl_underflow)
    i.__mathlib_flt_infnan                   0x0800353c   Section        0  funder.o(i.__mathlib_flt_infnan)
    i.__mathlib_flt_invalid                  0x08003542   Section        0  funder.o(i.__mathlib_flt_invalid)
    i.__mathlib_flt_underflow                0x0800354a   Section        0  funder.o(i.__mathlib_flt_underflow)
    i.__mathlib_rredf2                       0x08003554   Section        0  rredf.o(i.__mathlib_rredf2)
    i.__scatterload_copy                     0x080036bc   Section       14  handlers.o(i.__scatterload_copy)
    i.__scatterload_null                     0x080036ca   Section        2  handlers.o(i.__scatterload_null)
    i.__scatterload_zeroinit                 0x080036cc   Section       14  handlers.o(i.__scatterload_zeroinit)
    i.__set_errno                            0x080036dc   Section        0  errno.o(i.__set_errno)
    i._fp_digits                             0x080036e8   Section        0  printfa.o(i._fp_digits)
    _fp_digits                               0x080036e9   Thumb Code   366  printfa.o(i._fp_digits)
    i._printf_core                           0x0800386c   Section        0  printfa.o(i._printf_core)
    _printf_core                             0x0800386d   Thumb Code  1744  printfa.o(i._printf_core)
    i._printf_post_padding                   0x08003f48   Section        0  printfa.o(i._printf_post_padding)
    _printf_post_padding                     0x08003f49   Thumb Code    36  printfa.o(i._printf_post_padding)
    i._printf_pre_padding                    0x08003f6c   Section        0  printfa.o(i._printf_pre_padding)
    _printf_pre_padding                      0x08003f6d   Thumb Code    46  printfa.o(i._printf_pre_padding)
    i._snputc                                0x08003f9a   Section        0  printfa.o(i._snputc)
    _snputc                                  0x08003f9b   Thumb Code    22  printfa.o(i._snputc)
    i._sputc                                 0x08003fb0   Section        0  printfa.o(i._sputc)
    _sputc                                   0x08003fb1   Thumb Code    10  printfa.o(i._sputc)
    i.atan                                   0x08003fbc   Section        0  atan.o(i.atan)
    i.atan2                                  0x080041dc   Section        0  atan2.o(i.atan2)
    i.delay_init                             0x0800435c   Section        0  delay.o(i.delay_init)
    i.delay_ms                               0x080043a0   Section        0  delay.o(i.delay_ms)
    i.delay_us                               0x080043ec   Section        0  delay.o(i.delay_us)
    i.dis_DrawCurve                          0x08004438   Section        0  max30102.o(i.dis_DrawCurve)
    i.main                                   0x080044a4   Section        0  main.o(i.main)
    i.max30102_Bus_Read                      0x08004568   Section        0  max30102.o(i.max30102_Bus_Read)
    i.max30102_Bus_Write                     0x080045ba   Section        0  max30102.o(i.max30102_Bus_Write)
    i.max30102_FIFO_ReadBytes                0x080045fe   Section        0  max30102.o(i.max30102_FIFO_ReadBytes)
    i.max30102_init                          0x08004680   Section        0  max30102.o(i.max30102_init)
    i.max30102_reset                         0x08004704   Section        0  max30102.o(i.max30102_reset)
    i.maxim_find_peaks                       0x08004718   Section        0  algorithm.o(i.maxim_find_peaks)
    i.maxim_heart_rate_and_oxygen_saturation 0x0800475c   Section        0  algorithm.o(i.maxim_heart_rate_and_oxygen_saturation)
    i.maxim_peaks_above_min_height           0x08004c5c   Section        0  algorithm.o(i.maxim_peaks_above_min_height)
    i.maxim_remove_close_peaks               0x08004cd6   Section        0  algorithm.o(i.maxim_remove_close_peaks)
    i.maxim_sort_ascend                      0x08004d48   Section        0  algorithm.o(i.maxim_sort_ascend)
    i.maxim_sort_indices_descend             0x08004d7e   Section        0  algorithm.o(i.maxim_sort_indices_descend)
    i.menu1                                  0x08004dc0   Section        0  menu.o(i.menu1)
    i.menu2_Clock                            0x08005300   Section        0  menu.o(i.menu2_Clock)
    i.menu2_Location                         0x08005434   Section        0  menu.o(i.menu2_Location)
    i.menu2_MAX30102                         0x080054f0   Section        0  menu.o(i.menu2_MAX30102)
    i.menu2_MPU6050                          0x080055dc   Section        0  menu.o(i.menu2_MPU6050)
    i.menu2_Pressure                         0x080057dc   Section        0  menu.o(i.menu2_Pressure)
    i.menu2_Temp                             0x080058f4   Section        0  menu.o(i.menu2_Temp)
    i.sinf                                   0x080059f8   Section        0  sinf.o(i.sinf)
    .constdata                               0x08005b80   Section     4993  oled_data.o(.constdata)
    .constdata                               0x08006f02   Section      246  algorithm.o(.constdata)
    .constdata                               0x08006ff8   Section      152  atan.o(.constdata)
    atanhi                                   0x08006ff8   Data          32  atan.o(.constdata)
    atanlo                                   0x08007018   Data          32  atan.o(.constdata)
    aTodd                                    0x08007038   Data          40  atan.o(.constdata)
    aTeven                                   0x08007060   Data          48  atan.o(.constdata)
    .constdata                               0x08007090   Section        8  qnan.o(.constdata)
    .constdata                               0x08007098   Section       32  rredf.o(.constdata)
    twooverpi                                0x08007098   Data          32  rredf.o(.constdata)
    .constdata                               0x080070b8   Section       12  localtime_i.o(.constdata)
    monlen                                   0x080070b8   Data          12  localtime_i.o(.constdata)
    .conststring                             0x080070c4   Section      432  esp8266.o(.conststring)
    .data                                    0x20000000   Section       20  system_stm32f10x_1.o(.data)
    .data                                    0x20000014   Section       20  stm32f10x_rcc.o(.data)
    APBAHBPrescTable                         0x20000014   Data          16  stm32f10x_rcc.o(.data)
    ADCPrescTable                            0x20000024   Data           4  stm32f10x_rcc.o(.data)
    .data                                    0x20000028   Section        4  delay.o(.data)
    fac_us                                   0x20000028   Data           1  delay.o(.data)
    fac_ms                                   0x2000002a   Data           2  delay.o(.data)
    .data                                    0x2000002c   Section       12  myrtc.o(.data)
    .data                                    0x20000038   Section        1  oled.o(.data)
    .data                                    0x2000003c   Section       53  max30102.o(.data)
    .data                                    0x20000071   Section        3  menu.o(.data)
    .data                                    0x20000074   Section       16  xgz6847a_bp.o(.data)
    lastTick                                 0x20000074   Data           4  xgz6847a_bp.o(.data)
    basePressure                             0x20000078   Data           4  xgz6847a_bp.o(.data)
    initialized                              0x2000007c   Data           1  xgz6847a_bp.o(.data)
    phase                                    0x20000080   Data           4  xgz6847a_bp.o(.data)
    .data                                    0x20000084   Section       28  mpu6050.o(.data)
    prev_pitch                               0x20000084   Data           4  mpu6050.o(.data)
    prev_roll                                0x20000088   Data           4  mpu6050.o(.data)
    prev_yaw                                 0x2000008c   Data           4  mpu6050.o(.data)
    ax_index                                 0x20000090   Data           1  mpu6050.o(.data)
    ay_index                                 0x20000091   Data           1  mpu6050.o(.data)
    az_index                                 0x20000092   Data           1  mpu6050.o(.data)
    ax_sum                                   0x20000094   Data           4  mpu6050.o(.data)
    ay_sum                                   0x20000098   Data           4  mpu6050.o(.data)
    az_sum                                   0x2000009c   Data           4  mpu6050.o(.data)
    .data                                    0x200000a0   Section        2  esp8266.o(.data)
    .data                                    0x200000a4   Section        4  errno.o(.data)
    _errno                                   0x200000a4   Data           4  errno.o(.data)
    .bss                                     0x200000a8   Section     1024  oled.o(.bss)
    .bss                                     0x200004a8   Section     5984  algorithm.o(.bss)
    an_dx                                    0x200004a8   Data        1984  algorithm.o(.bss)
    an_x                                     0x20000c68   Data        2000  algorithm.o(.bss)
    an_y                                     0x20001438   Data        2000  algorithm.o(.bss)
    .bss                                     0x20001c08   Section     4100  max30102.o(.bss)
    .bss                                     0x20002c0c   Section      512  esp8266.o(.bss)
    .bss                                     0x20002e0c   Section       44  localtime_w.o(.bss)
    _tms                                     0x20002e0c   Data          44  localtime_w.o(.bss)
    STACK                                    0x20002e38   Section     8192  startup_stm32f10x_md.o(STACK)

    Global Symbols

    Symbol Name                              Value     Ov Type        Size  Object(Section)

    BuildAttributes$$THM_ISAv4$P$D$K$B$S$PE$A:L22UL41UL21$X:L11$S22US41US21$IEEE1$IW$USESV6$~STKCKD$USESV7$~SHL$OTIME$ROPI$IEEEX$EBA8$MICROLIB$REQ8$PRES8$EABIv2 0x00000000   Number         0  anon$$obj.o ABSOLUTE
    __ARM_use_no_argv                        0x00000000   Number         0  main.o ABSOLUTE
    _printf_a                                0x00000000   Number         0  stubs.o ABSOLUTE
    _printf_c                                0x00000000   Number         0  stubs.o ABSOLUTE
    _printf_charcount                        0x00000000   Number         0  stubs.o ABSOLUTE
    _printf_d                                0x00000000   Number         0  stubs.o ABSOLUTE
    _printf_e                                0x00000000   Number         0  stubs.o ABSOLUTE
    _printf_f                                0x00000000   Number         0  stubs.o ABSOLUTE
    _printf_flags                            0x00000000   Number         0  stubs.o ABSOLUTE
    _printf_fp_dec                           0x00000000   Number         0  stubs.o ABSOLUTE
    _printf_fp_hex                           0x00000000   Number         0  stubs.o ABSOLUTE
    _printf_g                                0x00000000   Number         0  stubs.o ABSOLUTE
    _printf_i                                0x00000000   Number         0  stubs.o ABSOLUTE
    _printf_int_dec                          0x00000000   Number         0  stubs.o ABSOLUTE
    _printf_l                                0x00000000   Number         0  stubs.o ABSOLUTE
    _printf_lc                               0x00000000   Number         0  stubs.o ABSOLUTE
    _printf_ll                               0x00000000   Number         0  stubs.o ABSOLUTE
    _printf_lld                              0x00000000   Number         0  stubs.o ABSOLUTE
    _printf_lli                              0x00000000   Number         0  stubs.o ABSOLUTE
    _printf_llo                              0x00000000   Number         0  stubs.o ABSOLUTE
    _printf_llu                              0x00000000   Number         0  stubs.o ABSOLUTE
    _printf_llx                              0x00000000   Number         0  stubs.o ABSOLUTE
    _printf_longlong_dec                     0x00000000   Number         0  stubs.o ABSOLUTE
    _printf_longlong_hex                     0x00000000   Number         0  stubs.o ABSOLUTE
    _printf_longlong_oct                     0x00000000   Number         0  stubs.o ABSOLUTE
    _printf_ls                               0x00000000   Number         0  stubs.o ABSOLUTE
    _printf_mbtowc                           0x00000000   Number         0  stubs.o ABSOLUTE
    _printf_n                                0x00000000   Number         0  stubs.o ABSOLUTE
    _printf_o                                0x00000000   Number         0  stubs.o ABSOLUTE
    _printf_p                                0x00000000   Number         0  stubs.o ABSOLUTE
    _printf_percent                          0x00000000   Number         0  stubs.o ABSOLUTE
    _printf_pre_padding                      0x00000000   Number         0  stubs.o ABSOLUTE
    _printf_return_value                     0x00000000   Number         0  stubs.o ABSOLUTE
    _printf_s                                0x00000000   Number         0  stubs.o ABSOLUTE
    _printf_sizespec                         0x00000000   Number         0  stubs.o ABSOLUTE
    _printf_str                              0x00000000   Number         0  stubs.o ABSOLUTE
    _printf_truncate_signed                  0x00000000   Number         0  stubs.o ABSOLUTE
    _printf_truncate_unsigned                0x00000000   Number         0  stubs.o ABSOLUTE
    _printf_u                                0x00000000   Number         0  stubs.o ABSOLUTE
    _printf_wc                               0x00000000   Number         0  stubs.o ABSOLUTE
    _printf_wctomb                           0x00000000   Number         0  stubs.o ABSOLUTE
    _printf_widthprec                        0x00000000   Number         0  stubs.o ABSOLUTE
    _printf_x                                0x00000000   Number         0  stubs.o ABSOLUTE
    __cpp_initialize__aeabi_                  - Undefined Weak Reference
    __cxa_finalize                            - Undefined Weak Reference
    __decompress                              - Undefined Weak Reference
    _clock_init                               - Undefined Weak Reference
    _microlib_exit                            - Undefined Weak Reference
    __Vectors_Size                           0x000000ec   Number         0  startup_stm32f10x_md.o ABSOLUTE
    __Vectors                                0x08000000   Data           4  startup_stm32f10x_md.o(RESET)
    __Vectors_End                            0x080000ec   Data           0  startup_stm32f10x_md.o(RESET)
    __main                                   0x080000ed   Thumb Code     0  entry.o(.ARM.Collect$$$$00000000)
    _main_stk                                0x080000ed   Thumb Code     0  entry2.o(.ARM.Collect$$$$00000001)
    _main_scatterload                        0x080000f1   Thumb Code     0  entry5.o(.ARM.Collect$$$$00000004)
    __main_after_scatterload                 0x080000f5   Thumb Code     0  entry5.o(.ARM.Collect$$$$00000004)
    _main_clock                              0x080000f5   Thumb Code     0  entry7b.o(.ARM.Collect$$$$00000008)
    _main_cpp_init                           0x080000f5   Thumb Code     0  entry8b.o(.ARM.Collect$$$$0000000A)
    _main_init                               0x080000f5   Thumb Code     0  entry9a.o(.ARM.Collect$$$$0000000B)
    __rt_final_cpp                           0x080000fd   Thumb Code     0  entry10a.o(.ARM.Collect$$$$0000000D)
    __rt_final_exit                          0x080000fd   Thumb Code     0  entry11a.o(.ARM.Collect$$$$0000000F)
    Reset_Handler                            0x08000101   Thumb Code     8  startup_stm32f10x_md.o(.text)
    ADC1_2_IRQHandler                        0x0800011b   Thumb Code     0  startup_stm32f10x_md.o(.text)
    CAN1_RX1_IRQHandler                      0x0800011b   Thumb Code     0  startup_stm32f10x_md.o(.text)
    CAN1_SCE_IRQHandler                      0x0800011b   Thumb Code     0  startup_stm32f10x_md.o(.text)
    DMA1_Channel1_IRQHandler                 0x0800011b   Thumb Code     0  startup_stm32f10x_md.o(.text)
    DMA1_Channel2_IRQHandler                 0x0800011b   Thumb Code     0  startup_stm32f10x_md.o(.text)
    DMA1_Channel3_IRQHandler                 0x0800011b   Thumb Code     0  startup_stm32f10x_md.o(.text)
    DMA1_Channel4_IRQHandler                 0x0800011b   Thumb Code     0  startup_stm32f10x_md.o(.text)
    DMA1_Channel5_IRQHandler                 0x0800011b   Thumb Code     0  startup_stm32f10x_md.o(.text)
    DMA1_Channel6_IRQHandler                 0x0800011b   Thumb Code     0  startup_stm32f10x_md.o(.text)
    DMA1_Channel7_IRQHandler                 0x0800011b   Thumb Code     0  startup_stm32f10x_md.o(.text)
    EXTI0_IRQHandler                         0x0800011b   Thumb Code     0  startup_stm32f10x_md.o(.text)
    EXTI15_10_IRQHandler                     0x0800011b   Thumb Code     0  startup_stm32f10x_md.o(.text)
    EXTI1_IRQHandler                         0x0800011b   Thumb Code     0  startup_stm32f10x_md.o(.text)
    EXTI2_IRQHandler                         0x0800011b   Thumb Code     0  startup_stm32f10x_md.o(.text)
    EXTI3_IRQHandler                         0x0800011b   Thumb Code     0  startup_stm32f10x_md.o(.text)
    EXTI4_IRQHandler                         0x0800011b   Thumb Code     0  startup_stm32f10x_md.o(.text)
    EXTI9_5_IRQHandler                       0x0800011b   Thumb Code     0  startup_stm32f10x_md.o(.text)
    FLASH_IRQHandler                         0x0800011b   Thumb Code     0  startup_stm32f10x_md.o(.text)
    I2C1_ER_IRQHandler                       0x0800011b   Thumb Code     0  startup_stm32f10x_md.o(.text)
    I2C1_EV_IRQHandler                       0x0800011b   Thumb Code     0  startup_stm32f10x_md.o(.text)
    I2C2_ER_IRQHandler                       0x0800011b   Thumb Code     0  startup_stm32f10x_md.o(.text)
    I2C2_EV_IRQHandler                       0x0800011b   Thumb Code     0  startup_stm32f10x_md.o(.text)
    PVD_IRQHandler                           0x0800011b   Thumb Code     0  startup_stm32f10x_md.o(.text)
    RCC_IRQHandler                           0x0800011b   Thumb Code     0  startup_stm32f10x_md.o(.text)
    RTCAlarm_IRQHandler                      0x0800011b   Thumb Code     0  startup_stm32f10x_md.o(.text)
    RTC_IRQHandler                           0x0800011b   Thumb Code     0  startup_stm32f10x_md.o(.text)
    SPI1_IRQHandler                          0x0800011b   Thumb Code     0  startup_stm32f10x_md.o(.text)
    SPI2_IRQHandler                          0x0800011b   Thumb Code     0  startup_stm32f10x_md.o(.text)
    TAMPER_IRQHandler                        0x0800011b   Thumb Code     0  startup_stm32f10x_md.o(.text)
    TIM1_BRK_IRQHandler                      0x0800011b   Thumb Code     0  startup_stm32f10x_md.o(.text)
    TIM1_CC_IRQHandler                       0x0800011b   Thumb Code     0  startup_stm32f10x_md.o(.text)
    TIM1_TRG_COM_IRQHandler                  0x0800011b   Thumb Code     0  startup_stm32f10x_md.o(.text)
    TIM1_UP_IRQHandler                       0x0800011b   Thumb Code     0  startup_stm32f10x_md.o(.text)
    TIM2_IRQHandler                          0x0800011b   Thumb Code     0  startup_stm32f10x_md.o(.text)
    TIM3_IRQHandler                          0x0800011b   Thumb Code     0  startup_stm32f10x_md.o(.text)
    TIM4_IRQHandler                          0x0800011b   Thumb Code     0  startup_stm32f10x_md.o(.text)
    USART3_IRQHandler                        0x0800011b   Thumb Code     0  startup_stm32f10x_md.o(.text)
    USBWakeUp_IRQHandler                     0x0800011b   Thumb Code     0  startup_stm32f10x_md.o(.text)
    USB_HP_CAN1_TX_IRQHandler                0x0800011b   Thumb Code     0  startup_stm32f10x_md.o(.text)
    USB_LP_CAN1_RX0_IRQHandler               0x0800011b   Thumb Code     0  startup_stm32f10x_md.o(.text)
    WWDG_IRQHandler                          0x0800011b   Thumb Code     0  startup_stm32f10x_md.o(.text)
    __aeabi_memcpy                           0x08000125   Thumb Code    36  memcpya.o(.text)
    __aeabi_memcpy4                          0x08000125   Thumb Code     0  memcpya.o(.text)
    __aeabi_memcpy8                          0x08000125   Thumb Code     0  memcpya.o(.text)
    strcmp                                   0x08000149   Thumb Code    28  strcmp.o(.text)
    __aeabi_fadd                             0x08000165   Thumb Code   164  fadd.o(.text)
    __aeabi_fsub                             0x08000209   Thumb Code     6  fadd.o(.text)
    __aeabi_frsub                            0x0800020f   Thumb Code     6  fadd.o(.text)
    __aeabi_fmul                             0x08000215   Thumb Code   100  fmul.o(.text)
    __aeabi_fdiv                             0x08000279   Thumb Code   124  fdiv.o(.text)
    __aeabi_dadd                             0x080002f5   Thumb Code   322  dadd.o(.text)
    __aeabi_dsub                             0x08000437   Thumb Code     6  dadd.o(.text)
    __aeabi_drsub                            0x0800043d   Thumb Code     6  dadd.o(.text)
    __aeabi_dmul                             0x08000443   Thumb Code   228  dmul.o(.text)
    __aeabi_ddiv                             0x08000527   Thumb Code   222  ddiv.o(.text)
    __aeabi_i2f                              0x08000605   Thumb Code    18  fflti.o(.text)
    __aeabi_ui2f                             0x08000617   Thumb Code    10  ffltui.o(.text)
    __aeabi_i2d                              0x08000621   Thumb Code    34  dflti.o(.text)
    __aeabi_ui2d                             0x08000643   Thumb Code    26  dfltui.o(.text)
    __aeabi_f2iz                             0x0800065d   Thumb Code    50  ffixi.o(.text)
    __aeabi_f2d                              0x0800068f   Thumb Code    38  f2d.o(.text)
    __aeabi_cdrcmple                         0x080006b5   Thumb Code    48  cdrcmple.o(.text)
    __aeabi_d2f                              0x080006e5   Thumb Code    56  d2f.o(.text)
    __aeabi_cfcmpeq                          0x0800071d   Thumb Code     0  cfcmple.o(.text)
    __aeabi_cfcmple                          0x0800071d   Thumb Code    20  cfcmple.o(.text)
    __aeabi_cfrcmple                         0x08000731   Thumb Code    20  cfrcmple.o(.text)
    __aeabi_uidiv                            0x08000745   Thumb Code     0  uidiv.o(.text)
    __aeabi_uidivmod                         0x08000745   Thumb Code    44  uidiv.o(.text)
    __aeabi_uldivmod                         0x08000771   Thumb Code    98  uldiv.o(.text)
    __aeabi_llsl                             0x080007d3   Thumb Code    30  llshl.o(.text)
    _ll_shift_l                              0x080007d3   Thumb Code     0  llshl.o(.text)
    __aeabi_llsr                             0x080007f1   Thumb Code    32  llushr.o(.text)
    _ll_ushift_r                             0x080007f1   Thumb Code     0  llushr.o(.text)
    __aeabi_lasr                             0x08000811   Thumb Code    36  llsshr.o(.text)
    _ll_sshift_r                             0x08000811   Thumb Code     0  llsshr.o(.text)
    localtime                                0x08000835   Thumb Code     6  localtime_w.o(.text)
    _localtime                               0x08000841   Thumb Code   134  localtime_i.o(.text)
    __I$use$fp                               0x080008cd   Thumb Code     0  iusefp.o(.text)
    _float_round                             0x080008cd   Thumb Code    18  fepilogue.o(.text)
    _float_epilogue                          0x080008df   Thumb Code    92  fepilogue.o(.text)
    _frnd                                    0x0800093b   Thumb Code    60  frnd.o(.text)
    _double_round                            0x08000977   Thumb Code    30  depilogue.o(.text)
    _double_epilogue                         0x08000995   Thumb Code   156  depilogue.o(.text)
    __aeabi_d2ulz                            0x08000a31   Thumb Code    48  dfixul.o(.text)
    __scatterload                            0x08000a61   Thumb Code    28  init.o(.text)
    __scatterload_rt2                        0x08000a61   Thumb Code     0  init.o(.text)
    __ARM_scalbnf                            0x08000a85   Thumb Code    24  fscalb.o(.text)
    scalbnf                                  0x08000a85   Thumb Code     0  fscalb.o(.text)
    __ARM_scalbn                             0x08000a9d   Thumb Code    46  dscalb.o(.text)
    scalbn                                   0x08000a9d   Thumb Code     0  dscalb.o(.text)
    BEEP_OFF                                 0x08000acd   Thumb Code    12  buzzer.o(i.BEEP_OFF)
    BEEP_ON                                  0x08000add   Thumb Code    12  buzzer.o(i.BEEP_ON)
    BloodPr_Show                             0x08000aed   Thumb Code    30  xgz6847a.o(i.BloodPr_Show)
    BusFault_Handler                         0x08000b0b   Thumb Code     4  stm32f10x_it.o(i.BusFault_Handler)
    Buzzer_Config                            0x08000b11   Thumb Code    44  buzzer.o(i.Buzzer_Config)
    DebugMon_Handler                         0x08000b41   Thumb Code     2  stm32f10x_it.o(i.DebugMon_Handler)
    ESP8266_Init                             0x08000b45   Thumb Code   298  esp8266.o(i.ESP8266_Init)
    ESP8266_SendData                         0x08000d55   Thumb Code   264  esp8266.o(i.ESP8266_SendData)
    GPIO_Init                                0x08000ec5   Thumb Code   278  stm32f10x_gpio.o(i.GPIO_Init)
    GPIO_ReadInputDataBit                    0x08000fdb   Thumb Code    18  stm32f10x_gpio.o(i.GPIO_ReadInputDataBit)
    GPIO_ResetBits                           0x08000fed   Thumb Code     4  stm32f10x_gpio.o(i.GPIO_ResetBits)
    GPIO_SetBits                             0x08000ff1   Thumb Code     4  stm32f10x_gpio.o(i.GPIO_SetBits)
    GPIO_WriteBit                            0x08000ff5   Thumb Code    10  stm32f10x_gpio.o(i.GPIO_WriteBit)
    HardFault_Handler                        0x08000fff   Thumb Code     4  stm32f10x_it.o(i.HardFault_Handler)
    Hardware_Init                            0x08001005   Thumb Code   100  main.o(i.Hardware_Init)
    I2C_AcknowledgeConfig                    0x0800107d   Thumb Code    24  stm32f10x_i2c.o(i.I2C_AcknowledgeConfig)
    I2C_CheckEvent                           0x08001095   Thumb Code    42  stm32f10x_i2c.o(i.I2C_CheckEvent)
    I2C_Cmd                                  0x080010bf   Thumb Code    24  stm32f10x_i2c.o(i.I2C_Cmd)
    I2C_GenerateSTART                        0x080010d7   Thumb Code    24  stm32f10x_i2c.o(i.I2C_GenerateSTART)
    I2C_GenerateSTOP                         0x080010ef   Thumb Code    24  stm32f10x_i2c.o(i.I2C_GenerateSTOP)
    I2C_GetFlagStatus                        0x08001107   Thumb Code    58  stm32f10x_i2c.o(i.I2C_GetFlagStatus)
    I2C_Init                                 0x08001141   Thumb Code   222  stm32f10x_i2c.o(i.I2C_Init)
    I2C_ReceiveData                          0x0800122d   Thumb Code     8  stm32f10x_i2c.o(i.I2C_ReceiveData)
    I2C_Send7bitAddress                      0x08001235   Thumb Code    18  stm32f10x_i2c.o(i.I2C_Send7bitAddress)
    I2C_SendData                             0x08001247   Thumb Code     4  stm32f10x_i2c.o(i.I2C_SendData)
    IIC_Ack                                  0x0800124d   Thumb Code    66  maxiic.o(i.IIC_Ack)
    IIC_Init                                 0x0800129d   Thumb Code    52  maxiic.o(i.IIC_Init)
    IIC_NAck                                 0x080012dd   Thumb Code    66  maxiic.o(i.IIC_NAck)
    IIC_Read_Byte                            0x0800132d   Thumb Code    98  maxiic.o(i.IIC_Read_Byte)
    IIC_Send_Byte                            0x0800139d   Thumb Code    90  maxiic.o(i.IIC_Send_Byte)
    IIC_Start                                0x08001405   Thumb Code    64  maxiic.o(i.IIC_Start)
    IIC_Stop                                 0x08001451   Thumb Code    62  maxiic.o(i.IIC_Stop)
    IIC_Wait_Ack                             0x0800149d   Thumb Code    86  maxiic.o(i.IIC_Wait_Ack)
    Key_GetNum                               0x08001501   Thumb Code   168  key.o(i.Key_GetNum)
    Key_Init                                 0x080015b1   Thumb Code    40  key.o(i.Key_Init)
    LED_Config                               0x080015dd   Thumb Code    46  led.o(i.LED_Config)
    MAX30102_data_set                        0x08001611   Thumb Code   240  max30102.o(i.MAX30102_data_set)
    MAX30102_get                             0x08001739   Thumb Code   638  max30102.o(i.MAX30102_get)
    MPU6050_CalculateAngles                  0x08001a2d   Thumb Code   528  mpu6050.o(i.MPU6050_CalculateAngles)
    MPU6050_Init                             0x08001c61   Thumb Code    16  mpu6050.o(i.MPU6050_Init)
    MPU6050_Read_Accel                       0x08001c71   Thumb Code    70  mpu6050.o(i.MPU6050_Read_Accel)
    MPU6050_Read_Gyro                        0x08001cb7   Thumb Code    70  mpu6050.o(i.MPU6050_Read_Gyro)
    MPU6050_Write_Byte                       0x08001cfd   Thumb Code    18  mpu6050.o(i.MPU6050_Write_Byte)
    MPU_I2C_Init                             0x08001d11   Thumb Code   104  mpu_iic.o(i.MPU_I2C_Init)
    MPU_I2C_ReadBytes                        0x08001d85   Thumb Code    92  mpu_iic.o(i.MPU_I2C_ReadBytes)
    MPU_I2C_WriteBytes                       0x08001eb5   Thumb Code    54  mpu_iic.o(i.MPU_I2C_WriteBytes)
    MemManage_Handler                        0x08001eeb   Thumb Code     4  stm32f10x_it.o(i.MemManage_Handler)
    MyRTC_ReadTime                           0x08001ef1   Thumb Code    68  myrtc.o(i.MyRTC_ReadTime)
    NMI_Handler                              0x08001f39   Thumb Code     2  stm32f10x_it.o(i.NMI_Handler)
    NVIC_Init                                0x08001f3d   Thumb Code   100  misc.o(i.NVIC_Init)
    NVIC_PriorityGroupConfig                 0x08001fad   Thumb Code    10  misc.o(i.NVIC_PriorityGroupConfig)
    OLED_AnimUpdate                          0x08001fc1   Thumb Code     8  oled.o(i.OLED_AnimUpdate)
    OLED_Animation                           0x08001fcd   Thumb Code   410  oled.o(i.OLED_Animation)
    OLED_Clear                               0x0800216d   Thumb Code    36  oled.o(i.OLED_Clear)
    OLED_ClearArea                           0x08002195   Thumb Code   140  oled.o(i.OLED_ClearArea)
    OLED_GPIO_Init                           0x08002225   Thumb Code    92  oled.o(i.OLED_GPIO_Init)
    OLED_I2C_SendByte                        0x08002285   Thumb Code    62  oled.o(i.OLED_I2C_SendByte)
    OLED_I2C_Start                           0x080022c3   Thumb Code    28  oled.o(i.OLED_I2C_Start)
    OLED_I2C_Stop                            0x080022df   Thumb Code    22  oled.o(i.OLED_I2C_Stop)
    OLED_Init                                0x080022f5   Thumb Code   154  oled.o(i.OLED_Init)
    OLED_Printf                              0x0800238f   Thumb Code    50  oled.o(i.OLED_Printf)
    OLED_ReverseArea                         0x080023c1   Thumb Code   140  oled.o(i.OLED_ReverseArea)
    OLED_SetCursor                           0x08002451   Thumb Code    34  oled.o(i.OLED_SetCursor)
    OLED_ShowChar                            0x08002475   Thumb Code    74  oled.o(i.OLED_ShowChar)
    OLED_ShowImage                           0x080024c9   Thumb Code   248  oled.o(i.OLED_ShowImage)
    OLED_ShowString                          0x080025c5   Thumb Code   442  oled.o(i.OLED_ShowString)
    OLED_Update                              0x08002789   Thumb Code    36  oled.o(i.OLED_Update)
    OLED_W_SCL                               0x080027b1   Thumb Code    18  oled.o(i.OLED_W_SCL)
    OLED_W_SDA                               0x080027c9   Thumb Code    18  oled.o(i.OLED_W_SDA)
    OLED_WriteCommand                        0x080027e1   Thumb Code    32  oled.o(i.OLED_WriteCommand)
    OLED_WriteData                           0x08002801   Thumb Code    46  oled.o(i.OLED_WriteData)
    PEC_Calculation                          0x0800282f   Thumb Code   186  mlx90614.o(i.PEC_Calculation)
    PendSV_Handler                           0x080028e9   Thumb Code     2  stm32f10x_it.o(i.PendSV_Handler)
    RCC_APB1PeriphClockCmd                   0x080028ed   Thumb Code    26  stm32f10x_rcc.o(i.RCC_APB1PeriphClockCmd)
    RCC_APB2PeriphClockCmd                   0x0800290d   Thumb Code    26  stm32f10x_rcc.o(i.RCC_APB2PeriphClockCmd)
    RCC_GetClocksFreq                        0x0800292d   Thumb Code   192  stm32f10x_rcc.o(i.RCC_GetClocksFreq)
    RTC_GetCounter                           0x08002a01   Thumb Code    16  stm32f10x_rtc.o(i.RTC_GetCounter)
    SMBus_Delay                              0x08002a15   Thumb Code    26  mlx90614.o(i.SMBus_Delay)
    SMBus_Init                               0x08002a31   Thumb Code    60  mlx90614.o(i.SMBus_Init)
    SMBus_ReadMemory                         0x08002a71   Thumb Code   166  mlx90614.o(i.SMBus_ReadMemory)
    SMBus_ReadTemp                           0x08002b19   Thumb Code    54  mlx90614.o(i.SMBus_ReadTemp)
    SMBus_ReceiveBit                         0x08002b5d   Thumb Code    74  mlx90614.o(i.SMBus_ReceiveBit)
    SMBus_ReceiveByte                        0x08002bad   Thumb Code    50  mlx90614.o(i.SMBus_ReceiveByte)
    SMBus_SendBit                            0x08002be1   Thumb Code    72  mlx90614.o(i.SMBus_SendBit)
    SMBus_SendByte                           0x08002c2d   Thumb Code    52  mlx90614.o(i.SMBus_SendByte)
    SMBus_StartBit                           0x08002c61   Thumb Code    72  mlx90614.o(i.SMBus_StartBit)
    SMBus_StopBit                            0x08002cad   Thumb Code    66  mlx90614.o(i.SMBus_StopBit)
    SVC_Handler                              0x08002cf5   Thumb Code     2  stm32f10x_it.o(i.SVC_Handler)
    SysTick_CLKSourceConfig                  0x08002de1   Thumb Code    40  misc.o(i.SysTick_CLKSourceConfig)
    SysTick_Handler                          0x08002e09   Thumb Code     2  stm32f10x_it.o(i.SysTick_Handler)
    SystemInit                               0x08002e0d   Thumb Code    78  system_stm32f10x_1.o(i.SystemInit)
    Temp_Show                                0x08002e6d   Thumb Code    12  mlx90614.o(i.Temp_Show)
    USART1_IRQHandler                        0x08002e79   Thumb Code    24  usart.o(i.USART1_IRQHandler)
    USART2_IRQHandler                        0x08002e95   Thumb Code    64  esp8266.o(i.USART2_IRQHandler)
    USART_ClearFlag                          0x08002ee1   Thumb Code    18  stm32f10x_usart.o(i.USART_ClearFlag)
    USART_Cmd                                0x08002ef3   Thumb Code    24  stm32f10x_usart.o(i.USART_Cmd)
    USART_GetFlagStatus                      0x08002f0b   Thumb Code    26  stm32f10x_usart.o(i.USART_GetFlagStatus)
    USART_GetITStatus                        0x08002f25   Thumb Code    84  stm32f10x_usart.o(i.USART_GetITStatus)
    USART_ITConfig                           0x08002f79   Thumb Code    74  stm32f10x_usart.o(i.USART_ITConfig)
    USART_Init                               0x08002fc5   Thumb Code   210  stm32f10x_usart.o(i.USART_Init)
    USART_SendData                           0x0800309d   Thumb Code     8  stm32f10x_usart.o(i.USART_SendData)
    UsageFault_Handler                       0x080030a5   Thumb Code     4  stm32f10x_it.o(i.UsageFault_Handler)
    Usart1_Init                              0x080030a9   Thumb Code   166  usart.o(i.Usart1_Init)
    Usart2_Init                              0x08003159   Thumb Code   162  usart.o(i.Usart2_Init)
    UsartPrintf                              0x08003205   Thumb Code    72  usart.o(i.UsartPrintf)
    Usart_SendString                         0x0800324d   Thumb Code    50  usart.o(i.Usart_SendString)
    XGZ6847A_ReadPressure                    0x08003281   Thumb Code   106  xgz6847a.o(i.XGZ6847A_ReadPressure)
    XGZ6847A_SimulateBP                      0x080032f9   Thumb Code   138  xgz6847a_bp.o(i.XGZ6847A_SimulateBP)
    __0sprintf                               0x080033b1   Thumb Code    34  printfa.o(i.__0sprintf)
    __1sprintf                               0x080033b1   Thumb Code     0  printfa.o(i.__0sprintf)
    __2sprintf                               0x080033b1   Thumb Code     0  printfa.o(i.__0sprintf)
    __c89sprintf                             0x080033b1   Thumb Code     0  printfa.o(i.__0sprintf)
    sprintf                                  0x080033b1   Thumb Code     0  printfa.o(i.__0sprintf)
    __0vsnprintf                             0x080033d9   Thumb Code    40  printfa.o(i.__0vsnprintf)
    __1vsnprintf                             0x080033d9   Thumb Code     0  printfa.o(i.__0vsnprintf)
    __2vsnprintf                             0x080033d9   Thumb Code     0  printfa.o(i.__0vsnprintf)
    __c89vsnprintf                           0x080033d9   Thumb Code     0  printfa.o(i.__0vsnprintf)
    vsnprintf                                0x080033d9   Thumb Code     0  printfa.o(i.__0vsnprintf)
    __0vsprintf                              0x08003405   Thumb Code    30  printfa.o(i.__0vsprintf)
    __1vsprintf                              0x08003405   Thumb Code     0  printfa.o(i.__0vsprintf)
    __2vsprintf                              0x08003405   Thumb Code     0  printfa.o(i.__0vsprintf)
    __c89vsprintf                            0x08003405   Thumb Code     0  printfa.o(i.__0vsprintf)
    vsprintf                                 0x08003405   Thumb Code     0  printfa.o(i.__0vsprintf)
    __ARM_fpclassify                         0x08003429   Thumb Code    40  fpclassify.o(i.__ARM_fpclassify)
    __ARM_fpclassifyf                        0x08003451   Thumb Code    38  fpclassifyf.o(i.__ARM_fpclassifyf)
    __kernel_poly                            0x08003477   Thumb Code   170  poly.o(i.__kernel_poly)
    __mathlib_dbl_infnan                     0x08003521   Thumb Code     6  dunder.o(i.__mathlib_dbl_infnan)
    __mathlib_dbl_infnan2                    0x08003527   Thumb Code     4  dunder.o(i.__mathlib_dbl_infnan2)
    __mathlib_dbl_underflow                  0x0800352d   Thumb Code    10  dunder.o(i.__mathlib_dbl_underflow)
    __mathlib_flt_infnan                     0x0800353d   Thumb Code     6  funder.o(i.__mathlib_flt_infnan)
    __mathlib_flt_invalid                    0x08003543   Thumb Code     8  funder.o(i.__mathlib_flt_invalid)
    __mathlib_flt_underflow                  0x0800354b   Thumb Code    10  funder.o(i.__mathlib_flt_underflow)
    __mathlib_rredf2                         0x08003555   Thumb Code   344  rredf.o(i.__mathlib_rredf2)
    __scatterload_copy                       0x080036bd   Thumb Code    14  handlers.o(i.__scatterload_copy)
    __scatterload_null                       0x080036cb   Thumb Code     2  handlers.o(i.__scatterload_null)
    __scatterload_zeroinit                   0x080036cd   Thumb Code    14  handlers.o(i.__scatterload_zeroinit)
    __set_errno                              0x080036dd   Thumb Code     6  errno.o(i.__set_errno)
    atan                                     0x08003fbd   Thumb Code   474  atan.o(i.atan)
    atan2                                    0x080041dd   Thumb Code   346  atan2.o(i.atan2)
    delay_init                               0x0800435d   Thumb Code    50  delay.o(i.delay_init)
    delay_ms                                 0x080043a1   Thumb Code    72  delay.o(i.delay_ms)
    delay_us                                 0x080043ed   Thumb Code    72  delay.o(i.delay_us)
    dis_DrawCurve                            0x08004439   Thumb Code   108  max30102.o(i.dis_DrawCurve)
    main                                     0x080044a5   Thumb Code   150  main.o(i.main)
    max30102_Bus_Read                        0x08004569   Thumb Code    82  max30102.o(i.max30102_Bus_Read)
    max30102_Bus_Write                       0x080045bb   Thumb Code    68  max30102.o(i.max30102_Bus_Write)
    max30102_FIFO_ReadBytes                  0x080045ff   Thumb Code   128  max30102.o(i.max30102_FIFO_ReadBytes)
    max30102_init                            0x08004681   Thumb Code   128  max30102.o(i.max30102_init)
    max30102_reset                           0x08004705   Thumb Code    20  max30102.o(i.max30102_reset)
    maxim_find_peaks                         0x08004719   Thumb Code    66  algorithm.o(i.maxim_find_peaks)
    maxim_heart_rate_and_oxygen_saturation   0x0800475d   Thumb Code  1272  algorithm.o(i.maxim_heart_rate_and_oxygen_saturation)
    maxim_peaks_above_min_height             0x08004c5d   Thumb Code   122  algorithm.o(i.maxim_peaks_above_min_height)
    maxim_remove_close_peaks                 0x08004cd7   Thumb Code   114  algorithm.o(i.maxim_remove_close_peaks)
    maxim_sort_ascend                        0x08004d49   Thumb Code    54  algorithm.o(i.maxim_sort_ascend)
    maxim_sort_indices_descend               0x08004d7f   Thumb Code    64  algorithm.o(i.maxim_sort_indices_descend)
    menu1                                    0x08004dc1   Thumb Code  1338  menu.o(i.menu1)
    menu2_Clock                              0x08005301   Thumb Code   228  menu.o(i.menu2_Clock)
    menu2_Location                           0x08005435   Thumb Code   118  menu.o(i.menu2_Location)
    menu2_MAX30102                           0x080054f1   Thumb Code   164  menu.o(i.menu2_MAX30102)
    menu2_MPU6050                            0x080055dd   Thumb Code   370  menu.o(i.menu2_MPU6050)
    menu2_Pressure                           0x080057dd   Thumb Code   224  menu.o(i.menu2_Pressure)
    menu2_Temp                               0x080058f5   Thumb Code   202  menu.o(i.menu2_Temp)
    sinf                                     0x080059f9   Thumb Code   338  sinf.o(i.sinf)
    OLED_F8x16                               0x08005b80   Data        1520  oled_data.o(.constdata)
    OLED_F6x8                                0x08006170   Data         570  oled_data.o(.constdata)
    OLED_CF16x16                             0x080063aa   Data        2109  oled_data.o(.constdata)
    Diode                                    0x08006be7   Data          32  oled_data.o(.constdata)
    ZhanShuang                               0x08006c07   Data         762  oled_data.o(.constdata)
    auw_hamm                                 0x08006f02   Data          62  algorithm.o(.constdata)
    uch_spo2_table                           0x08006f40   Data         184  algorithm.o(.constdata)
    __mathlib_zero                           0x08007090   Data           8  qnan.o(.constdata)
    Region$$Table$$Base                      0x08007274   Number         0  anon$$obj.o(Region$$Table)
    Region$$Table$$Limit                     0x08007294   Number         0  anon$$obj.o(Region$$Table)
    SystemCoreClock                          0x20000000   Data           4  system_stm32f10x_1.o(.data)
    AHBPrescTable                            0x20000004   Data          16  system_stm32f10x_1.o(.data)
    MyRTC_Time                               0x2000002c   Data          12  myrtc.o(.data)
    AniFlag                                  0x20000038   Data           1  oled.o(.data)
    n_ir_buffer_length                       0x2000003c   Data           4  max30102.o(.data)
    n_sp02                                   0x20000040   Data           4  max30102.o(.data)
    ch_spo2_valid                            0x20000044   Data           1  max30102.o(.data)
    n_heart_rate                             0x20000048   Data           4  max30102.o(.data)
    ch_hr_valid                              0x2000004c   Data           1  max30102.o(.data)
    uch_dummy                                0x2000004d   Data           1  max30102.o(.data)
    un_min                                   0x20000050   Data           4  max30102.o(.data)
    un_max                                   0x20000054   Data           4  max30102.o(.data)
    un_prev_data                             0x20000058   Data           4  max30102.o(.data)
    i                                        0x2000005c   Data           4  max30102.o(.data)
    n_brightness                             0x20000060   Data           4  max30102.o(.data)
    f_temp                                   0x20000064   Data           4  max30102.o(.data)
    temp_num                                 0x20000068   Data           1  max30102.o(.data)
    temp                                     0x20000069   Data           6  max30102.o(.data)
    dis_hr                                   0x2000006f   Data           1  max30102.o(.data)
    dis_spo2                                 0x20000070   Data           1  max30102.o(.data)
    KeyNum                                   0x20000071   Data           1  menu.o(.data)
    D                                        0x20000072   Data           1  menu.o(.data)
    flag                                     0x20000073   Data           1  menu.o(.data)
    esp8266_cnt                              0x200000a0   Data           2  esp8266.o(.data)
    OLED_DisplayBuf                          0x200000a8   Data        1024  oled.o(.bss)
    aun_ir_buffer                            0x20001c08   Data        2000  max30102.o(.bss)
    aun_red_buffer                           0x200023d8   Data        2000  max30102.o(.bss)
    str                                      0x20002ba8   Data         100  max30102.o(.bss)
    esp8266_buf                              0x20002c0c   Data         512  esp8266.o(.bss)
    __initial_sp                             0x20004e38   Data           0  startup_stm32f10x_md.o(STACK)



==============================================================================

Memory Map of the image

  Image Entry point : 0x080000ed

  Load Region LR_IROM1 (Base: 0x08000000, Size: 0x0000733c, Max: 0x00010000, ABSOLUTE)

    Execution Region ER_IROM1 (Exec base: 0x08000000, Load base: 0x08000000, Size: 0x00007294, Max: 0x00010000, ABSOLUTE)

    Exec Addr    Load Addr    Size         Type   Attr      Idx    E Section Name        Object

    0x08000000   0x08000000   0x000000ec   Data   RO           19    RESET               startup_stm32f10x_md.o
    0x080000ec   0x080000ec   0x00000000   Code   RO         4311  * .ARM.Collect$$$$00000000  mc_w.l(entry.o)
    0x080000ec   0x080000ec   0x00000004   Code   RO         4670    .ARM.Collect$$$$00000001  mc_w.l(entry2.o)
    0x080000f0   0x080000f0   0x00000004   Code   RO         4673    .ARM.Collect$$$$00000004  mc_w.l(entry5.o)
    0x080000f4   0x080000f4   0x00000000   Code   RO         4675    .ARM.Collect$$$$00000008  mc_w.l(entry7b.o)
    0x080000f4   0x080000f4   0x00000000   Code   RO         4677    .ARM.Collect$$$$0000000A  mc_w.l(entry8b.o)
    0x080000f4   0x080000f4   0x00000008   Code   RO         4678    .ARM.Collect$$$$0000000B  mc_w.l(entry9a.o)
    0x080000fc   0x080000fc   0x00000000   Code   RO         4680    .ARM.Collect$$$$0000000D  mc_w.l(entry10a.o)
    0x080000fc   0x080000fc   0x00000000   Code   RO         4682    .ARM.Collect$$$$0000000F  mc_w.l(entry11a.o)
    0x080000fc   0x080000fc   0x00000004   Code   RO         4671    .ARM.Collect$$$$00002712  mc_w.l(entry2.o)
    0x08000100   0x08000100   0x00000024   Code   RO           20    .text               startup_stm32f10x_md.o
    0x08000124   0x08000124   0x00000024   Code   RO         4321    .text               mc_w.l(memcpya.o)
    0x08000148   0x08000148   0x0000001c   Code   RO         4323    .text               mc_w.l(strcmp.o)
    0x08000164   0x08000164   0x000000b0   Code   RO         4588    .text               mf_w.l(fadd.o)
    0x08000214   0x08000214   0x00000064   Code   RO         4590    .text               mf_w.l(fmul.o)
    0x08000278   0x08000278   0x0000007c   Code   RO         4592    .text               mf_w.l(fdiv.o)
    0x080002f4   0x080002f4   0x0000014e   Code   RO         4594    .text               mf_w.l(dadd.o)
    0x08000442   0x08000442   0x000000e4   Code   RO         4596    .text               mf_w.l(dmul.o)
    0x08000526   0x08000526   0x000000de   Code   RO         4598    .text               mf_w.l(ddiv.o)
    0x08000604   0x08000604   0x00000012   Code   RO         4600    .text               mf_w.l(fflti.o)
    0x08000616   0x08000616   0x0000000a   Code   RO         4602    .text               mf_w.l(ffltui.o)
    0x08000620   0x08000620   0x00000022   Code   RO         4604    .text               mf_w.l(dflti.o)
    0x08000642   0x08000642   0x0000001a   Code   RO         4606    .text               mf_w.l(dfltui.o)
    0x0800065c   0x0800065c   0x00000032   Code   RO         4608    .text               mf_w.l(ffixi.o)
    0x0800068e   0x0800068e   0x00000026   Code   RO         4614    .text               mf_w.l(f2d.o)
    0x080006b4   0x080006b4   0x00000030   Code   RO         4618    .text               mf_w.l(cdrcmple.o)
    0x080006e4   0x080006e4   0x00000038   Code   RO         4620    .text               mf_w.l(d2f.o)
    0x0800071c   0x0800071c   0x00000014   Code   RO         4622    .text               mf_w.l(cfcmple.o)
    0x08000730   0x08000730   0x00000014   Code   RO         4624    .text               mf_w.l(cfrcmple.o)
    0x08000744   0x08000744   0x0000002c   Code   RO         4687    .text               mc_w.l(uidiv.o)
    0x08000770   0x08000770   0x00000062   Code   RO         4689    .text               mc_w.l(uldiv.o)
    0x080007d2   0x080007d2   0x0000001e   Code   RO         4691    .text               mc_w.l(llshl.o)
    0x080007f0   0x080007f0   0x00000020   Code   RO         4693    .text               mc_w.l(llushr.o)
    0x08000810   0x08000810   0x00000024   Code   RO         4695    .text               mc_w.l(llsshr.o)
    0x08000834   0x08000834   0x0000000c   Code   RO         4697    .text               mc_w.l(localtime_w.o)
    0x08000840   0x08000840   0x0000008c   Code   RO         4700    .text               mc_w.l(localtime_i.o)
    0x080008cc   0x080008cc   0x00000000   Code   RO         4710    .text               mc_w.l(iusefp.o)
    0x080008cc   0x080008cc   0x0000006e   Code   RO         4711    .text               mf_w.l(fepilogue.o)
    0x0800093a   0x0800093a   0x0000003c   Code   RO         4713    .text               mf_w.l(frnd.o)
    0x08000976   0x08000976   0x000000ba   Code   RO         4715    .text               mf_w.l(depilogue.o)
    0x08000a30   0x08000a30   0x00000030   Code   RO         4721    .text               mf_w.l(dfixul.o)
    0x08000a60   0x08000a60   0x00000024   Code   RO         4727    .text               mc_w.l(init.o)
    0x08000a84   0x08000a84   0x00000018   Code   RO         4731    .text               mf_w.l(fscalb.o)
    0x08000a9c   0x08000a9c   0x0000002e   Code   RO         4733    .text               mf_w.l(dscalb.o)
    0x08000aca   0x08000aca   0x00000002   PAD
    0x08000acc   0x08000acc   0x00000010   Code   RO         3448    i.BEEP_OFF          buzzer.o
    0x08000adc   0x08000adc   0x00000010   Code   RO         3449    i.BEEP_ON           buzzer.o
    0x08000aec   0x08000aec   0x0000001e   Code   RO         4096    i.BloodPr_Show      xgz6847a.o
    0x08000b0a   0x08000b0a   0x00000004   Code   RO         3355    i.BusFault_Handler  stm32f10x_it.o
    0x08000b0e   0x08000b0e   0x00000002   PAD
    0x08000b10   0x08000b10   0x00000030   Code   RO         3450    i.Buzzer_Config     buzzer.o
    0x08000b40   0x08000b40   0x00000002   Code   RO         3356    i.DebugMon_Handler  stm32f10x_it.o
    0x08000b42   0x08000b42   0x00000002   PAD
    0x08000b44   0x08000b44   0x00000210   Code   RO         4256    i.ESP8266_Init      esp8266.o
    0x08000d54   0x08000d54   0x00000170   Code   RO         4257    i.ESP8266_SendData  esp8266.o
    0x08000ec4   0x08000ec4   0x00000116   Code   RO         1292    i.GPIO_Init         stm32f10x_gpio.o
    0x08000fda   0x08000fda   0x00000012   Code   RO         1296    i.GPIO_ReadInputDataBit  stm32f10x_gpio.o
    0x08000fec   0x08000fec   0x00000004   Code   RO         1299    i.GPIO_ResetBits    stm32f10x_gpio.o
    0x08000ff0   0x08000ff0   0x00000004   Code   RO         1300    i.GPIO_SetBits      stm32f10x_gpio.o
    0x08000ff4   0x08000ff4   0x0000000a   Code   RO         1303    i.GPIO_WriteBit     stm32f10x_gpio.o
    0x08000ffe   0x08000ffe   0x00000004   Code   RO         3357    i.HardFault_Handler  stm32f10x_it.o
    0x08001002   0x08001002   0x00000002   PAD
    0x08001004   0x08001004   0x00000078   Code   RO         3323    i.Hardware_Init     main.o
    0x0800107c   0x0800107c   0x00000018   Code   RO         1401    i.I2C_AcknowledgeConfig  stm32f10x_i2c.o
    0x08001094   0x08001094   0x0000002a   Code   RO         1403    i.I2C_CheckEvent    stm32f10x_i2c.o
    0x080010be   0x080010be   0x00000018   Code   RO         1406    i.I2C_Cmd           stm32f10x_i2c.o
    0x080010d6   0x080010d6   0x00000018   Code   RO         1413    i.I2C_GenerateSTART  stm32f10x_i2c.o
    0x080010ee   0x080010ee   0x00000018   Code   RO         1414    i.I2C_GenerateSTOP  stm32f10x_i2c.o
    0x08001106   0x08001106   0x0000003a   Code   RO         1415    i.I2C_GetFlagStatus  stm32f10x_i2c.o
    0x08001140   0x08001140   0x000000ec   Code   RO         1420    i.I2C_Init          stm32f10x_i2c.o
    0x0800122c   0x0800122c   0x00000008   Code   RO         1425    i.I2C_ReceiveData   stm32f10x_i2c.o
    0x08001234   0x08001234   0x00000012   Code   RO         1427    i.I2C_Send7bitAddress  stm32f10x_i2c.o
    0x08001246   0x08001246   0x00000004   Code   RO         1428    i.I2C_SendData      stm32f10x_i2c.o
    0x0800124a   0x0800124a   0x00000002   PAD
    0x0800124c   0x0800124c   0x00000050   Code   RO         3967    i.IIC_Ack           maxiic.o
    0x0800129c   0x0800129c   0x00000040   Code   RO         3968    i.IIC_Init          maxiic.o
    0x080012dc   0x080012dc   0x00000050   Code   RO         3969    i.IIC_NAck          maxiic.o
    0x0800132c   0x0800132c   0x00000070   Code   RO         3971    i.IIC_Read_Byte     maxiic.o
    0x0800139c   0x0800139c   0x00000068   Code   RO         3973    i.IIC_Send_Byte     maxiic.o
    0x08001404   0x08001404   0x0000004c   Code   RO         3974    i.IIC_Start         maxiic.o
    0x08001450   0x08001450   0x0000004c   Code   RO         3975    i.IIC_Stop          maxiic.o
    0x0800149c   0x0800149c   0x00000064   Code   RO         3976    i.IIC_Wait_Ack      maxiic.o
    0x08001500   0x08001500   0x000000b0   Code   RO         3430    i.Key_GetNum        key.o
    0x080015b0   0x080015b0   0x0000002c   Code   RO         3431    i.Key_Init          key.o
    0x080015dc   0x080015dc   0x00000034   Code   RO         3418    i.LED_Config        led.o
    0x08001610   0x08001610   0x00000128   Code   RO         3879    i.MAX30102_data_set  max30102.o
    0x08001738   0x08001738   0x000002f4   Code   RO         3880    i.MAX30102_get      max30102.o
    0x08001a2c   0x08001a2c   0x00000234   Code   RO         4190    i.MPU6050_CalculateAngles  mpu6050.o
    0x08001c60   0x08001c60   0x00000010   Code   RO         4193    i.MPU6050_Init      mpu6050.o
    0x08001c70   0x08001c70   0x00000046   Code   RO         4194    i.MPU6050_Read_Accel  mpu6050.o
    0x08001cb6   0x08001cb6   0x00000046   Code   RO         4196    i.MPU6050_Read_Gyro  mpu6050.o
    0x08001cfc   0x08001cfc   0x00000012   Code   RO         4198    i.MPU6050_Write_Byte  mpu6050.o
    0x08001d0e   0x08001d0e   0x00000002   PAD
    0x08001d10   0x08001d10   0x00000074   Code   RO         4136    i.MPU_I2C_Init      mpu_iic.o
    0x08001d84   0x08001d84   0x00000060   Code   RO         4137    i.MPU_I2C_ReadBytes  mpu_iic.o
    0x08001de4   0x08001de4   0x00000020   Code   RO         4138    i.MPU_I2C_ReceiveData  mpu_iic.o
    0x08001e04   0x08001e04   0x00000040   Code   RO         4139    i.MPU_I2C_SendAddress  mpu_iic.o
    0x08001e44   0x08001e44   0x00000024   Code   RO         4140    i.MPU_I2C_SendData  mpu_iic.o
    0x08001e68   0x08001e68   0x00000024   Code   RO         4141    i.MPU_I2C_Start     mpu_iic.o
    0x08001e8c   0x08001e8c   0x00000010   Code   RO         4142    i.MPU_I2C_Stop      mpu_iic.o
    0x08001e9c   0x08001e9c   0x00000018   Code   RO         4143    i.MPU_I2C_WaitForIdle  mpu_iic.o
    0x08001eb4   0x08001eb4   0x00000036   Code   RO         4144    i.MPU_I2C_WriteBytes  mpu_iic.o
    0x08001eea   0x08001eea   0x00000004   Code   RO         3358    i.MemManage_Handler  stm32f10x_it.o
    0x08001eee   0x08001eee   0x00000002   PAD
    0x08001ef0   0x08001ef0   0x00000048   Code   RO         3294    i.MyRTC_ReadTime    myrtc.o
    0x08001f38   0x08001f38   0x00000002   Code   RO         3359    i.NMI_Handler       stm32f10x_it.o
    0x08001f3a   0x08001f3a   0x00000002   PAD
    0x08001f3c   0x08001f3c   0x00000070   Code   RO          137    i.NVIC_Init         misc.o
    0x08001fac   0x08001fac   0x00000014   Code   RO          138    i.NVIC_PriorityGroupConfig  misc.o
    0x08001fc0   0x08001fc0   0x0000000c   Code   RO         3472    i.OLED_AnimUpdate   oled.o
    0x08001fcc   0x08001fcc   0x000001a0   Code   RO         3473    i.OLED_Animation    oled.o
    0x0800216c   0x0800216c   0x00000028   Code   RO         3474    i.OLED_Clear        oled.o
    0x08002194   0x08002194   0x00000090   Code   RO         3475    i.OLED_ClearArea    oled.o
    0x08002224   0x08002224   0x00000060   Code   RO         3483    i.OLED_GPIO_Init    oled.o
    0x08002284   0x08002284   0x0000003e   Code   RO         3485    i.OLED_I2C_SendByte  oled.o
    0x080022c2   0x080022c2   0x0000001c   Code   RO         3486    i.OLED_I2C_Start    oled.o
    0x080022de   0x080022de   0x00000016   Code   RO         3487    i.OLED_I2C_Stop     oled.o
    0x080022f4   0x080022f4   0x0000009a   Code   RO         3488    i.OLED_Init         oled.o
    0x0800238e   0x0800238e   0x00000032   Code   RO         3491    i.OLED_Printf       oled.o
    0x080023c0   0x080023c0   0x00000090   Code   RO         3493    i.OLED_ReverseArea  oled.o
    0x08002450   0x08002450   0x00000022   Code   RO         3494    i.OLED_SetCursor    oled.o
    0x08002472   0x08002472   0x00000002   PAD
    0x08002474   0x08002474   0x00000054   Code   RO         3496    i.OLED_ShowChar     oled.o
    0x080024c8   0x080024c8   0x000000fc   Code   RO         3499    i.OLED_ShowImage    oled.o
    0x080025c4   0x080025c4   0x000001c4   Code   RO         3502    i.OLED_ShowString   oled.o
    0x08002788   0x08002788   0x00000028   Code   RO         3503    i.OLED_Update       oled.o
    0x080027b0   0x080027b0   0x00000018   Code   RO         3505    i.OLED_W_SCL        oled.o
    0x080027c8   0x080027c8   0x00000018   Code   RO         3506    i.OLED_W_SDA        oled.o
    0x080027e0   0x080027e0   0x00000020   Code   RO         3507    i.OLED_WriteCommand  oled.o
    0x08002800   0x08002800   0x0000002e   Code   RO         3508    i.OLED_WriteData    oled.o
    0x0800282e   0x0800282e   0x000000ba   Code   RO         3755    i.PEC_Calculation   mlx90614.o
    0x080028e8   0x080028e8   0x00000002   Code   RO         3360    i.PendSV_Handler    stm32f10x_it.o
    0x080028ea   0x080028ea   0x00000002   PAD
    0x080028ec   0x080028ec   0x00000020   Code   RO         1708    i.RCC_APB1PeriphClockCmd  stm32f10x_rcc.o
    0x0800290c   0x0800290c   0x00000020   Code   RO         1710    i.RCC_APB2PeriphClockCmd  stm32f10x_rcc.o
    0x0800292c   0x0800292c   0x000000d4   Code   RO         1718    i.RCC_GetClocksFreq  stm32f10x_rcc.o
    0x08002a00   0x08002a00   0x00000014   Code   RO         1910    i.RTC_GetCounter    stm32f10x_rtc.o
    0x08002a14   0x08002a14   0x0000001a   Code   RO         3756    i.SMBus_Delay       mlx90614.o
    0x08002a2e   0x08002a2e   0x00000002   PAD
    0x08002a30   0x08002a30   0x00000040   Code   RO         3757    i.SMBus_Init        mlx90614.o
    0x08002a70   0x08002a70   0x000000a6   Code   RO         3758    i.SMBus_ReadMemory  mlx90614.o
    0x08002b16   0x08002b16   0x00000002   PAD
    0x08002b18   0x08002b18   0x00000044   Code   RO         3759    i.SMBus_ReadTemp    mlx90614.o
    0x08002b5c   0x08002b5c   0x00000050   Code   RO         3760    i.SMBus_ReceiveBit  mlx90614.o
    0x08002bac   0x08002bac   0x00000032   Code   RO         3761    i.SMBus_ReceiveByte  mlx90614.o
    0x08002bde   0x08002bde   0x00000002   PAD
    0x08002be0   0x08002be0   0x0000004c   Code   RO         3762    i.SMBus_SendBit     mlx90614.o
    0x08002c2c   0x08002c2c   0x00000034   Code   RO         3763    i.SMBus_SendByte    mlx90614.o
    0x08002c60   0x08002c60   0x0000004c   Code   RO         3764    i.SMBus_StartBit    mlx90614.o
    0x08002cac   0x08002cac   0x00000048   Code   RO         3765    i.SMBus_StopBit     mlx90614.o
    0x08002cf4   0x08002cf4   0x00000002   Code   RO         3361    i.SVC_Handler       stm32f10x_it.o
    0x08002cf6   0x08002cf6   0x00000008   Code   RO           24    i.SetSysClock       system_stm32f10x_1.o
    0x08002cfe   0x08002cfe   0x00000002   PAD
    0x08002d00   0x08002d00   0x000000e0   Code   RO           25    i.SetSysClockTo72   system_stm32f10x_1.o
    0x08002de0   0x08002de0   0x00000028   Code   RO          141    i.SysTick_CLKSourceConfig  misc.o
    0x08002e08   0x08002e08   0x00000002   Code   RO         3362    i.SysTick_Handler   stm32f10x_it.o
    0x08002e0a   0x08002e0a   0x00000002   PAD
    0x08002e0c   0x08002e0c   0x00000060   Code   RO           27    i.SystemInit        system_stm32f10x_1.o
    0x08002e6c   0x08002e6c   0x0000000c   Code   RO         3766    i.Temp_Show         mlx90614.o
    0x08002e78   0x08002e78   0x0000001c   Code   RO         3168    i.USART1_IRQHandler  usart.o
    0x08002e94   0x08002e94   0x0000004c   Code   RO         4258    i.USART2_IRQHandler  esp8266.o
    0x08002ee0   0x08002ee0   0x00000012   Code   RO         2874    i.USART_ClearFlag   stm32f10x_usart.o
    0x08002ef2   0x08002ef2   0x00000018   Code   RO         2878    i.USART_Cmd         stm32f10x_usart.o
    0x08002f0a   0x08002f0a   0x0000001a   Code   RO         2881    i.USART_GetFlagStatus  stm32f10x_usart.o
    0x08002f24   0x08002f24   0x00000054   Code   RO         2882    i.USART_GetITStatus  stm32f10x_usart.o
    0x08002f78   0x08002f78   0x0000004a   Code   RO         2884    i.USART_ITConfig    stm32f10x_usart.o
    0x08002fc2   0x08002fc2   0x00000002   PAD
    0x08002fc4   0x08002fc4   0x000000d8   Code   RO         2885    i.USART_Init        stm32f10x_usart.o
    0x0800309c   0x0800309c   0x00000008   Code   RO         2895    i.USART_SendData    stm32f10x_usart.o
    0x080030a4   0x080030a4   0x00000004   Code   RO         3363    i.UsageFault_Handler  stm32f10x_it.o
    0x080030a8   0x080030a8   0x000000b0   Code   RO         3172    i.Usart1_Init       usart.o
    0x08003158   0x08003158   0x000000ac   Code   RO         3173    i.Usart2_Init       usart.o
    0x08003204   0x08003204   0x00000048   Code   RO         3174    i.UsartPrintf       usart.o
    0x0800324c   0x0800324c   0x00000032   Code   RO         3175    i.Usart_SendString  usart.o
    0x0800327e   0x0800327e   0x00000002   PAD
    0x08003280   0x08003280   0x00000078   Code   RO         4098    i.XGZ6847A_ReadPressure  xgz6847a.o
    0x080032f8   0x080032f8   0x000000b8   Code   RO         4123    i.XGZ6847A_SimulateBP  xgz6847a_bp.o
    0x080033b0   0x080033b0   0x00000028   Code   RO         4562    i.__0sprintf        mc_w.l(printfa.o)
    0x080033d8   0x080033d8   0x0000002c   Code   RO         4565    i.__0vsnprintf      mc_w.l(printfa.o)
    0x08003404   0x08003404   0x00000024   Code   RO         4566    i.__0vsprintf       mc_w.l(printfa.o)
    0x08003428   0x08003428   0x00000028   Code   RO         4723    i.__ARM_fpclassify  m_ws.l(fpclassify.o)
    0x08003450   0x08003450   0x00000026   Code   RO         4650    i.__ARM_fpclassifyf  m_ws.l(fpclassifyf.o)
    0x08003476   0x08003476   0x000000aa   Code   RO         4725    i.__kernel_poly     m_ws.l(poly.o)
    0x08003520   0x08003520   0x00000006   Code   RO         4637    i.__mathlib_dbl_infnan  m_ws.l(dunder.o)
    0x08003526   0x08003526   0x00000004   Code   RO         4638    i.__mathlib_dbl_infnan2  m_ws.l(dunder.o)
    0x0800352a   0x0800352a   0x00000002   PAD
    0x0800352c   0x0800352c   0x00000010   Code   RO         4642    i.__mathlib_dbl_underflow  m_ws.l(dunder.o)
    0x0800353c   0x0800353c   0x00000006   Code   RO         4653    i.__mathlib_flt_infnan  m_ws.l(funder.o)
    0x08003542   0x08003542   0x00000008   Code   RO         4655    i.__mathlib_flt_invalid  m_ws.l(funder.o)
    0x0800354a   0x0800354a   0x0000000a   Code   RO         4658    i.__mathlib_flt_underflow  m_ws.l(funder.o)
    0x08003554   0x08003554   0x00000168   Code   RO         4667    i.__mathlib_rredf2  m_ws.l(rredf.o)
    0x080036bc   0x080036bc   0x0000000e   Code   RO         4737    i.__scatterload_copy  mc_w.l(handlers.o)
    0x080036ca   0x080036ca   0x00000002   Code   RO         4738    i.__scatterload_null  mc_w.l(handlers.o)
    0x080036cc   0x080036cc   0x0000000e   Code   RO         4739    i.__scatterload_zeroinit  mc_w.l(handlers.o)
    0x080036da   0x080036da   0x00000002   PAD
    0x080036dc   0x080036dc   0x0000000c   Code   RO         4705    i.__set_errno       mc_w.l(errno.o)
    0x080036e8   0x080036e8   0x00000184   Code   RO         4567    i._fp_digits        mc_w.l(printfa.o)
    0x0800386c   0x0800386c   0x000006dc   Code   RO         4568    i._printf_core      mc_w.l(printfa.o)
    0x08003f48   0x08003f48   0x00000024   Code   RO         4569    i._printf_post_padding  mc_w.l(printfa.o)
    0x08003f6c   0x08003f6c   0x0000002e   Code   RO         4570    i._printf_pre_padding  mc_w.l(printfa.o)
    0x08003f9a   0x08003f9a   0x00000016   Code   RO         4571    i._snputc           mc_w.l(printfa.o)
    0x08003fb0   0x08003fb0   0x0000000a   Code   RO         4572    i._sputc            mc_w.l(printfa.o)
    0x08003fba   0x08003fba   0x00000002   PAD
    0x08003fbc   0x08003fbc   0x00000220   Code   RO         4627    i.atan              m_ws.l(atan.o)
    0x080041dc   0x080041dc   0x00000180   Code   RO         4286    i.atan2             m_ws.l(atan2.o)
    0x0800435c   0x0800435c   0x00000044   Code   RO         3108    i.delay_init        delay.o
    0x080043a0   0x080043a0   0x0000004c   Code   RO         3109    i.delay_ms          delay.o
    0x080043ec   0x080043ec   0x0000004c   Code   RO         3110    i.delay_us          delay.o
    0x08004438   0x08004438   0x0000006c   Code   RO         3881    i.dis_DrawCurve     max30102.o
    0x080044a4   0x080044a4   0x000000c4   Code   RO         3324    i.main              main.o
    0x08004568   0x08004568   0x00000052   Code   RO         3882    i.max30102_Bus_Read  max30102.o
    0x080045ba   0x080045ba   0x00000044   Code   RO         3883    i.max30102_Bus_Write  max30102.o
    0x080045fe   0x080045fe   0x00000080   Code   RO         3884    i.max30102_FIFO_ReadBytes  max30102.o
    0x0800467e   0x0800467e   0x00000002   PAD
    0x08004680   0x08004680   0x00000084   Code   RO         3886    i.max30102_init     max30102.o
    0x08004704   0x08004704   0x00000014   Code   RO         3887    i.max30102_reset    max30102.o
    0x08004718   0x08004718   0x00000042   Code   RO         3833    i.maxim_find_peaks  algorithm.o
    0x0800475a   0x0800475a   0x00000002   PAD
    0x0800475c   0x0800475c   0x00000500   Code   RO         3834    i.maxim_heart_rate_and_oxygen_saturation  algorithm.o
    0x08004c5c   0x08004c5c   0x0000007a   Code   RO         3835    i.maxim_peaks_above_min_height  algorithm.o
    0x08004cd6   0x08004cd6   0x00000072   Code   RO         3836    i.maxim_remove_close_peaks  algorithm.o
    0x08004d48   0x08004d48   0x00000036   Code   RO         3837    i.maxim_sort_ascend  algorithm.o
    0x08004d7e   0x08004d7e   0x00000040   Code   RO         3838    i.maxim_sort_indices_descend  algorithm.o
    0x08004dbe   0x08004dbe   0x00000002   PAD
    0x08004dc0   0x08004dc0   0x00000540   Code   RO         4045    i.menu1             menu.o
    0x08005300   0x08005300   0x00000134   Code   RO         4046    i.menu2_Clock       menu.o
    0x08005434   0x08005434   0x000000bc   Code   RO         4047    i.menu2_Location    menu.o
    0x080054f0   0x080054f0   0x000000ec   Code   RO         4048    i.menu2_MAX30102    menu.o
    0x080055dc   0x080055dc   0x00000200   Code   RO         4049    i.menu2_MPU6050     menu.o
    0x080057dc   0x080057dc   0x00000118   Code   RO         4050    i.menu2_Pressure    menu.o
    0x080058f4   0x080058f4   0x00000104   Code   RO         4051    i.menu2_Temp        menu.o
    0x080059f8   0x080059f8   0x00000188   Code   RO         4296    i.sinf              m_ws.l(sinf.o)
    0x08005b80   0x08005b80   0x00001381   Data   RO         3717    .constdata          oled_data.o
    0x08006f01   0x08006f01   0x00000001   PAD
    0x08006f02   0x08006f02   0x000000f6   Data   RO         3840    .constdata          algorithm.o
    0x08006ff8   0x08006ff8   0x00000098   Data   RO         4628    .constdata          m_ws.l(atan.o)
    0x08007090   0x08007090   0x00000008   Data   RO         4666    .constdata          m_ws.l(qnan.o)
    0x08007098   0x08007098   0x00000020   Data   RO         4668    .constdata          m_ws.l(rredf.o)
    0x080070b8   0x080070b8   0x0000000c   Data   RO         4701    .constdata          mc_w.l(localtime_i.o)
    0x080070c4   0x080070c4   0x000001b0   Data   RO         4260    .conststring        esp8266.o
    0x08007274   0x08007274   0x00000020   Data   RO         4735    Region$$Table       anon$$obj.o


    Execution Region RW_IRAM1 (Exec base: 0x20000000, Load base: 0x08007294, Size: 0x00004e38, Max: 0x00005000, ABSOLUTE)

    Exec Addr    Load Addr    Size         Type   Attr      Idx    E Section Name        Object

    0x20000000   0x08007294   0x00000014   Data   RW           28    .data               system_stm32f10x_1.o
    0x20000014   0x080072a8   0x00000014   Data   RW         1738    .data               stm32f10x_rcc.o
    0x20000028   0x080072bc   0x00000004   Data   RW         3111    .data               delay.o
    0x2000002c   0x080072c0   0x0000000c   Data   RW         3296    .data               myrtc.o
    0x20000038   0x080072cc   0x00000001   Data   RW         3511    .data               oled.o
    0x20000039   0x080072cd   0x00000003   PAD
    0x2000003c   0x080072d0   0x00000035   Data   RW         3892    .data               max30102.o
    0x20000071   0x08007305   0x00000003   Data   RW         4052    .data               menu.o
    0x20000074   0x08007308   0x00000010   Data   RW         4124    .data               xgz6847a_bp.o
    0x20000084   0x08007318   0x0000001c   Data   RW         4200    .data               mpu6050.o
    0x200000a0   0x08007334   0x00000002   Data   RW         4261    .data               esp8266.o
    0x200000a2   0x08007336   0x00000002   PAD
    0x200000a4   0x08007338   0x00000004   Data   RW         4706    .data               mc_w.l(errno.o)
    0x200000a8        -       0x00000400   Zero   RW         3510    .bss                oled.o
    0x200004a8        -       0x00001760   Zero   RW         3839    .bss                algorithm.o
    0x20001c08        -       0x00001004   Zero   RW         3891    .bss                max30102.o
    0x20002c0c        -       0x00000200   Zero   RW         4259    .bss                esp8266.o
    0x20002e0c        -       0x0000002c   Zero   RW         4698    .bss                mc_w.l(localtime_w.o)
    0x20002e38        -       0x00002000   Zero   RW           17    STACK               startup_stm32f10x_md.o


==============================================================================

Image component sizes


      Code (inc. data)   RO Data    RW Data    ZI Data      Debug   Object Name

      1700         30        246          0       5984       7321   algorithm.o
        80         12          0          0          0       1353   buzzer.o
         0          0          0          0          0       4540   core_cm3.o
       220         26          0          4          0       1607   delay.o
       972        346        432          2        512       2440   esp8266.o
       220         12          0          0          0       1032   key.o
        52          6          0          0          0        473   led.o
       316         66          0          0          0       1131   main.o
      1590        178          0         53       4100       6584   max30102.o
       692        108          0          0          0       4166   maxiic.o
      3128        670          0          3          0       5098   menu.o
       172         22          0          0          0       1793   misc.o
       928         38          0          0          0       7414   mlx90614.o
       738         36          0         28          0       4796   mpu6050.o
       474         64          0          0          0       4972   mpu_iic.o
        72          4          0         12          0       1942   myrtc.o
      2156         66          0          1       1024      12987   oled.o
         0          0       4993          0          0       1218   oled_data.o
        36          8        236          0       8192        768   startup_stm32f10x_md.o
       314          0          0          0          0       3856   stm32f10x_gpio.o
       462         14          0          0          0       7004   stm32f10x_i2c.o
        26          0          0          0          0       3594   stm32f10x_it.o
       276         32          0         20          0       4130   stm32f10x_rcc.o
        20          4          0          0          0        445   stm32f10x_rtc.o
       450          6          0          0          0       5667   stm32f10x_usart.o
       328         28          0         20          0     236201   system_stm32f10x_1.o
       498         24          0          0          0       4161   usart.o
       150         14          0          0          0       1211   xgz6847a.o
       184         46          0         16          0        858   xgz6847a_bp.o

    ----------------------------------------------------------------------
     16292       1860       5940        164      19812     338762   Object Totals
         0          0         32          0          0          0   (incl. Generated)
        38          0          1          5          0          0   (incl. Padding)

    ----------------------------------------------------------------------

      Code (inc. data)   RO Data    RW Data    ZI Data      Debug   Library Member Name

       544         70        152          0          0        124   atan.o
       384         38          0          0          0        144   atan2.o
        26          6          0          0          0        204   dunder.o
        40          0          0          0          0         68   fpclassify.o
        38          0          0          0          0         68   fpclassifyf.o
        24          0          0          0          0        204   funder.o
       170          0          0          0          0         96   poly.o
         0          0          8          0          0          0   qnan.o
       360         16         32          0          0         88   rredf.o
       392         54          0          0          0        124   sinf.o
         0          0          0          0          0          0   entry.o
         0          0          0          0          0          0   entry10a.o
         0          0          0          0          0          0   entry11a.o
         8          4          0          0          0          0   entry2.o
         4          0          0          0          0          0   entry5.o
         0          0          0          0          0          0   entry7b.o
         0          0          0          0          0          0   entry8b.o
         8          4          0          0          0          0   entry9a.o
        12          6          0          4          0         68   errno.o
        30          0          0          0          0          0   handlers.o
        36          8          0          0          0         68   init.o
         0          0          0          0          0          0   iusefp.o
        30          0          0          0          0         68   llshl.o
        36          0          0          0          0         68   llsshr.o
        32          0          0          0          0         68   llushr.o
       140          6         12          0          0         76   localtime_i.o
        12          6          0          0         44         68   localtime_w.o
        36          0          0          0          0         68   memcpya.o
      2378         96          0          0          0        748   printfa.o
        28          0          0          0          0         76   strcmp.o
        44          0          0          0          0         80   uidiv.o
        98          0          0          0          0         92   uldiv.o
        48          0          0          0          0         68   cdrcmple.o
        20          0          0          0          0         68   cfcmple.o
        20          0          0          0          0         68   cfrcmple.o
        56          0          0          0          0         88   d2f.o
       334          0          0          0          0        148   dadd.o
       222          0          0          0          0        100   ddiv.o
       186          0          0          0          0        176   depilogue.o
        48          0          0          0          0         68   dfixul.o
        34          0          0          0          0         76   dflti.o
        26          0          0          0          0         76   dfltui.o
       228          0          0          0          0         96   dmul.o
        46          0          0          0          0         80   dscalb.o
        38          0          0          0          0         68   f2d.o
       176          0          0          0          0        140   fadd.o
       124          0          0          0          0         88   fdiv.o
       110          0          0          0          0        168   fepilogue.o
        50          0          0          0          0         68   ffixi.o
        18          0          0          0          0         68   fflti.o
        10          0          0          0          0         68   ffltui.o
       100          0          0          0          0         76   fmul.o
        60          0          0          0          0         76   frnd.o
        24          0          0          0          0         68   fscalb.o

    ----------------------------------------------------------------------
      6896        314        204          4         44       4668   Library Totals
         8          0          0          0          0          0   (incl. Padding)

    ----------------------------------------------------------------------

      Code (inc. data)   RO Data    RW Data    ZI Data      Debug   Library Name

      1978        184        192          0          0       1120   m_ws.l
      2932        130         12          4         44       1548   mc_w.l
      1978          0          0          0          0       2000   mf_w.l

    ----------------------------------------------------------------------
      6896        314        204          4         44       4668   Library Totals

    ----------------------------------------------------------------------

==============================================================================


      Code (inc. data)   RO Data    RW Data    ZI Data      Debug   

     23188       2174       6144        168      19856     333806   Grand Totals
     23188       2174       6144        168      19856     333806   ELF Image Totals
     23188       2174       6144        168          0          0   ROM Totals

==============================================================================

    Total RO  Size (Code + RO Data)                29332 (  28.64kB)
    Total RW  Size (RW Data + ZI Data)             20024 (  19.55kB)
    Total ROM Size (Code + RO Data + RW Data)      29500 (  28.81kB)

==============================================================================

